Component: ARM Compiler 5.06 update 6 (build 750) Tool: armlink [4d35ed]

==============================================================================

Section Cross References

    startup_stm32f103xb.o(RESET) refers to startup_stm32f103xb.o(STACK) for __initial_sp
    startup_stm32f103xb.o(RESET) refers to startup_stm32f103xb.o(.text) for Reset_Handler
    startup_stm32f103xb.o(RESET) refers to stm32f1xx_it.o(i.NMI_Handler) for NMI_Handler
    startup_stm32f103xb.o(RESET) refers to stm32f1xx_it.o(i.HardFault_Handler) for HardFault_Handler
    startup_stm32f103xb.o(RESET) refers to stm32f1xx_it.o(i.MemManage_Handler) for MemManage_Handler
    startup_stm32f103xb.o(RESET) refers to stm32f1xx_it.o(i.BusFault_Handler) for BusFault_Handler
    startup_stm32f103xb.o(RESET) refers to stm32f1xx_it.o(i.UsageFault_Handler) for UsageFault_Handler
    startup_stm32f103xb.o(RESET) refers to stm32f1xx_it.o(i.SVC_Handler) for SVC_Handler
    startup_stm32f103xb.o(RESET) refers to stm32f1xx_it.o(i.DebugMon_Handler) for DebugMon_Handler
    startup_stm32f103xb.o(RESET) refers to stm32f1xx_it.o(i.PendSV_Handler) for PendSV_Handler
    startup_stm32f103xb.o(RESET) refers to stm32f1xx_it.o(i.SysTick_Handler) for SysTick_Handler
    startup_stm32f103xb.o(RESET) refers to stm32f1xx_it.o(i.USART1_IRQHandler) for USART1_IRQHandler
    startup_stm32f103xb.o(RESET) refers to stm32f1xx_it.o(i.EXTI15_10_IRQHandler) for EXTI15_10_IRQHandler
    startup_stm32f103xb.o(.text) refers to system_stm32f1xx.o(i.SystemInit) for SystemInit
    startup_stm32f103xb.o(.text) refers to entry.o(.ARM.Collect$$$$00000000) for __main
    keypad.o(i.Keypad_GetKey) refers to stm32f1xx_hal_gpio.o(i.HAL_GPIO_WritePin) for HAL_GPIO_WritePin
    keypad.o(i.Keypad_GetKey) refers to stm32f1xx_hal_gpio.o(i.HAL_GPIO_ReadPin) for HAL_GPIO_ReadPin
    keypad.o(i.Keypad_GetKey) refers to keypad.o(.data) for .data
    keypad.o(i.Keypad_GetKey) refers to keypad.o(.constdata) for .constdata
    keypad.o(i.Keypad_Handle) refers to keypad.o(i.Keypad_GetKey) for Keypad_GetKey
    keypad.o(i.Keypad_Handle) refers to stm32f1xx_hal.o(i.HAL_GetTick) for HAL_GetTick
    keypad.o(i.Keypad_Handle) refers to main.o(i.KeypadPressingCallback) for KeypadPressingCallback
    keypad.o(i.Keypad_Handle) refers to keypad.o(i.KeypadPressedShortCallback) for KeypadPressedShortCallback
    keypad.o(i.Keypad_Handle) refers to keypad.o(i.KeypadReleaseCallback) for KeypadReleaseCallback
    keypad.o(i.Keypad_Handle) refers to main.o(i.KeypadPressingTimeoutCallback) for KeypadPressingTimeoutCallback
    keypad.o(i.Keypad_Handle) refers to keypad.o(.data) for .data
    liquidcrystal_i2c.o(i.lcd_backlight_off) refers to stm32f1xx_hal_i2c.o(i.HAL_I2C_Master_Transmit) for HAL_I2C_Master_Transmit
    liquidcrystal_i2c.o(i.lcd_backlight_on) refers to stm32f1xx_hal_i2c.o(i.HAL_I2C_Master_Transmit) for HAL_I2C_Master_Transmit
    liquidcrystal_i2c.o(i.lcd_clear_display) refers to liquidcrystal_i2c.o(i.lcd_send_cmd) for lcd_send_cmd
    liquidcrystal_i2c.o(i.lcd_clear_display) refers to stm32f1xx_hal.o(i.HAL_Delay) for HAL_Delay
    liquidcrystal_i2c.o(i.lcd_create_char) refers to liquidcrystal_i2c.o(i.lcd_send_cmd) for lcd_send_cmd
    liquidcrystal_i2c.o(i.lcd_create_char) refers to liquidcrystal_i2c.o(i.lcd_send_data) for lcd_send_data
    liquidcrystal_i2c.o(i.lcd_display_off) refers to liquidcrystal_i2c.o(i.lcd_send_cmd) for lcd_send_cmd
    liquidcrystal_i2c.o(i.lcd_display_on) refers to liquidcrystal_i2c.o(i.lcd_send_cmd) for lcd_send_cmd
    liquidcrystal_i2c.o(i.lcd_init) refers to liquidcrystal_i2c.o(i.lcd_send_cmd) for lcd_send_cmd
    liquidcrystal_i2c.o(i.lcd_init) refers to stm32f1xx_hal.o(i.HAL_Delay) for HAL_Delay
    liquidcrystal_i2c.o(i.lcd_init) refers to liquidcrystal_i2c.o(i.lcd_set_cursor_blink_off) for lcd_set_cursor_blink_off
    liquidcrystal_i2c.o(i.lcd_printf) refers to printfa.o(i.__0vsprintf) for vsprintf
    liquidcrystal_i2c.o(i.lcd_printf) refers to liquidcrystal_i2c.o(i.lcd_send_data) for lcd_send_data
    liquidcrystal_i2c.o(i.lcd_printf) refers to strlen.o(.text) for strlen
    liquidcrystal_i2c.o(i.lcd_putchar) refers to liquidcrystal_i2c.o(i.lcd_send_data) for lcd_send_data
    liquidcrystal_i2c.o(i.lcd_send_cmd) refers to stm32f1xx_hal_i2c.o(i.HAL_I2C_Master_Transmit) for HAL_I2C_Master_Transmit
    liquidcrystal_i2c.o(i.lcd_send_data) refers to stm32f1xx_hal_i2c.o(i.HAL_I2C_Master_Transmit) for HAL_I2C_Master_Transmit
    liquidcrystal_i2c.o(i.lcd_set_cursor) refers to liquidcrystal_i2c.o(i.lcd_send_cmd) for lcd_send_cmd
    liquidcrystal_i2c.o(i.lcd_set_cursor_blink_off) refers to liquidcrystal_i2c.o(i.lcd_send_cmd) for lcd_send_cmd
    liquidcrystal_i2c.o(i.lcd_set_cursor_blink_on) refers to liquidcrystal_i2c.o(i.lcd_send_cmd) for lcd_send_cmd
    liquidcrystal_i2c.o(i.lcd_set_cursor_off) refers to liquidcrystal_i2c.o(i.lcd_send_cmd) for lcd_send_cmd
    liquidcrystal_i2c.o(i.lcd_set_cursor_on) refers to liquidcrystal_i2c.o(i.lcd_send_cmd) for lcd_send_cmd
[...]
    i.Arm_Control_by_Step                    0x08000956   Section        0  arm_driver.o(i.Arm_Control_by_Step)
    i.Arm_Robot_Init                         0x080009b2   Section        0  arm_driver.o(i.Arm_Robot_Init)
    i.BusFault_Handler                       0x080009ec   Section        0  stm32f1xx_it.o(i.BusFault_Handler)
    i.Car_Control                            0x080009f0   Section        0  car_driver.o(i.Car_Control)
    i.Car_Control_Wheels                     0x08000a8c   Section        0  car_driver.o(i.Car_Control_Wheels)
    i.Car_Init                               0x08000ac8   Section        0  car_driver.o(i.Car_Init)
    i.DebugMon_Handler                       0x08000b04   Section        0  stm32f1xx_it.o(i.DebugMon_Handler)
    i.EXTI15_10_IRQHandler                   0x08000b06   Section        0  stm32f1xx_it.o(i.EXTI15_10_IRQHandler)
    i.EXTI_HCSR04_Callback                   0x08000b0e   Section        0  hcsr04.o(i.EXTI_HCSR04_Callback)
    i.FLASH_MassErase                        0x08000b60   Section        0  stm32f1xx_hal_flash_ex.o(i.FLASH_MassErase)
    FLASH_MassErase                          0x08000b61   Thumb Code    26  stm32f1xx_hal_flash_ex.o(i.FLASH_MassErase)
    i.FLASH_PageErase                        0x08000b84   Section        0  stm32f1xx_hal_flash_ex.o(i.FLASH_PageErase)
    i.FLASH_Program_HalfWord                 0x08000ba8   Section        0  stm32f1xx_hal_flash.o(i.FLASH_Program_HalfWord)
    FLASH_Program_HalfWord                   0x08000ba9   Thumb Code    20  stm32f1xx_hal_flash.o(i.FLASH_Program_HalfWord)
    i.FLASH_SetErrorCode                     0x08000bc4   Section        0  stm32f1xx_hal_flash.o(i.FLASH_SetErrorCode)
    FLASH_SetErrorCode                       0x08000bc5   Thumb Code    84  stm32f1xx_hal_flash.o(i.FLASH_SetErrorCode)
    i.FLASH_WaitForLastOperation             0x08000c20   Section        0  stm32f1xx_hal_flash.o(i.FLASH_WaitForLastOperation)
    i.Flash_Read_Position_Load               0x08000c74   Section        0  arm_auto.o(i.Flash_Read_Position_Load)
    i.Flash_Read_Position_Unload             0x08000cb4   Section        0  arm_auto.o(i.Flash_Read_Position_Unload)
    i.Flash_Save_Position_Load               0x08000cf4   Section        0  arm_auto.o(i.Flash_Save_Position_Load)
    i.Flash_Save_Position_Unload             0x08000d3c   Section        0  arm_auto.o(i.Flash_Save_Position_Unload)
    i.HAL_DMA_Abort                          0x08000d84   Section        0  stm32f1xx_hal_dma.o(i.HAL_DMA_Abort)
    i.HAL_DMA_Abort_IT                       0x08000dcc   Section        0  stm32f1xx_hal_dma.o(i.HAL_DMA_Abort_IT)
    i.HAL_Delay                              0x08000e64   Section        0  stm32f1xx_hal.o(i.HAL_Delay)
    i.HAL_FLASHEx_Erase                      0x08000e88   Section        0  stm32f1xx_hal_flash_ex.o(i.HAL_FLASHEx_Erase)
    i.HAL_FLASH_Lock                         0x08000f30   Section        0  stm32f1xx_hal_flash.o(i.HAL_FLASH_Lock)
    i.HAL_FLASH_Program                      0x08000f44   Section        0  stm32f1xx_hal_flash.o(i.HAL_FLASH_Program)
    i.HAL_FLASH_Unlock                       0x08000fc4   Section        0  stm32f1xx_hal_flash.o(i.HAL_FLASH_Unlock)
    i.HAL_GPIO_EXTI_Callback                 0x08000fec   Section        0  main.o(i.HAL_GPIO_EXTI_Callback)
    i.HAL_GPIO_EXTI_IRQHandler               0x08001000   Section        0  stm32f1xx_hal_gpio.o(i.HAL_GPIO_EXTI_IRQHandler)
    i.HAL_GPIO_Init                          0x08001018   Section        0  stm32f1xx_hal_gpio.o(i.HAL_GPIO_Init)
    i.HAL_GPIO_ReadPin                       0x080011f8   Section        0  stm32f1xx_hal_gpio.o(i.HAL_GPIO_ReadPin)
    i.HAL_GPIO_TogglePin                     0x08001202   Section        0  stm32f1xx_hal_gpio.o(i.HAL_GPIO_TogglePin)
    i.HAL_GPIO_WritePin                      0x08001212   Section        0  stm32f1xx_hal_gpio.o(i.HAL_GPIO_WritePin)
    i.HAL_GetTick                            0x0800121c   Section        0  stm32f1xx_hal.o(i.HAL_GetTick)
    i.HAL_I2C_Init                           0x08001228   Section        0  stm32f1xx_hal_i2c.o(i.HAL_I2C_Init)
    i.HAL_I2C_Master_Transmit                0x080013b0   Section        0  stm32f1xx_hal_i2c.o(i.HAL_I2C_Master_Transmit)
    i.HAL_I2C_MspInit                        0x080014dc   Section        0  stm32f1xx_hal_msp.o(i.HAL_I2C_MspInit)
    i.HAL_IncTick                            0x0800153c   Section        0  stm32f1xx_hal.o(i.HAL_IncTick)
    i.HAL_Init                               0x0800154c   Section        0  stm32f1xx_hal.o(i.HAL_Init)
    i.HAL_InitTick                           0x08001570   Section        0  stm32f1xx_hal.o(i.HAL_InitTick)
    i.HAL_MspInit                            0x080015b0   Section        0  stm32f1xx_hal_msp.o(i.HAL_MspInit)
    i.HAL_NVIC_EnableIRQ                     0x080015ec   Section        0  stm32f1xx_hal_cortex.o(i.HAL_NVIC_EnableIRQ)
    i.HAL_NVIC_SetPriority                   0x08001608   Section        0  stm32f1xx_hal_cortex.o(i.HAL_NVIC_SetPriority)
    i.HAL_NVIC_SetPriorityGrouping           0x08001648   Section        0  stm32f1xx_hal_cortex.o(i.HAL_NVIC_SetPriorityGrouping)
    i.HAL_RCC_ClockConfig                    0x0800166c   Section        0  stm32f1xx_hal_rcc.o(i.HAL_RCC_ClockConfig)
    i.HAL_RCC_GetPCLK1Freq                   0x08001798   Section        0  stm32f1xx_hal_rcc.o(i.HAL_RCC_GetPCLK1Freq)
    i.HAL_RCC_GetPCLK2Freq                   0x080017b8   Section        0  stm32f1xx_hal_rcc.o(i.HAL_RCC_GetPCLK2Freq)
    i.HAL_RCC_GetSysClockFreq                0x080017d8   Section        0  stm32f1xx_hal_rcc.o(i.HAL_RCC_GetSysClockFreq)
    i.HAL_RCC_OscConfig                      0x08001844   Section        0  stm32f1xx_hal_rcc.o(i.HAL_RCC_OscConfig)
    i.HAL_SYSTICK_Config                     0x08001b64   Section        0  stm32f1xx_hal_cortex.o(i.HAL_SYSTICK_Config)
    i.HAL_TIMEx_ConfigBreakDeadTime          0x08001b8c   Section        0  stm32f1xx_hal_tim_ex.o(i.HAL_TIMEx_ConfigBreakDeadTime)
    i.HAL_TIMEx_MasterConfigSynchronization  0x08001be0   Section        0  stm32f1xx_hal_tim_ex.o(i.HAL_TIMEx_MasterConfigSynchronization)
    i.HAL_TIM_Base_Init                      0x08001c48   Section        0  stm32f1xx_hal_tim.o(i.HAL_TIM_Base_Init)
    i.HAL_TIM_Base_MspInit                   0x08001ca4   Section        0  stm32f1xx_hal_msp.o(i.HAL_TIM_Base_MspInit)
    i.HAL_TIM_Base_Start                     0x08001d14   Section        0  stm32f1xx_hal_tim.o(i.HAL_TIM_Base_Start)
    i.HAL_TIM_Base_Stop                      0x08001d64   Section        0  stm32f1xx_hal_tim.o(i.HAL_TIM_Base_Stop)
    i.HAL_TIM_ConfigClockSource              0x08001d8a   Section        0  stm32f1xx_hal_tim.o(i.HAL_TIM_ConfigClockSource)
    i.HAL_TIM_MspPostInit                    0x08001e60   Section        0  stm32f1xx_hal_msp.o(i.HAL_TIM_MspPostInit)
    i.HAL_TIM_PWM_ConfigChannel              0x08001f18   Section        0  stm32f1xx_hal_tim.o(i.HAL_TIM_PWM_ConfigChannel)
    i.HAL_TIM_PWM_Init                       0x08001fde   Section        0  stm32f1xx_hal_tim.o(i.HAL_TIM_PWM_Init)
    i.HAL_TIM_PWM_MspInit                    0x08002038   Section        0  stm32f1xx_hal_tim.o(i.HAL_TIM_PWM_MspInit)
    i.HAL_TIM_PWM_Start                      0x0800203c   Section        0  stm32f1xx_hal_tim.o(i.HAL_TIM_PWM_Start)
    i.HAL_UARTEx_RxEventCallback             0x080020d8   Section        0  stm32f1xx_hal_uart.o(i.HAL_UARTEx_RxEventCallback)
    i.HAL_UART_ErrorCallback                 0x080020da   Section        0  stm32f1xx_hal_uart.o(i.HAL_UART_ErrorCallback)
    i.HAL_UART_IRQHandler                    0x080020dc   Section        0  stm32f1xx_hal_uart.o(i.HAL_UART_IRQHandler)
    i.HAL_UART_Init                          0x080022e8   Section        0  stm32f1xx_hal_uart.o(i.HAL_UART_Init)
    i.HAL_UART_MspInit                       0x0800234c   Section        0  stm32f1xx_hal_msp.o(i.HAL_UART_MspInit)
    i.HAL_UART_Receive_IT                    0x080023dc   Section        0  stm32f1xx_hal_uart.o(i.HAL_UART_Receive_IT)
    i.HAL_UART_RxCpltCallback                0x08002408   Section        0  main.o(i.HAL_UART_RxCpltCallback)
    i.HAL_UART_Transmit                      0x08002458   Section        0  stm32f1xx_hal_uart.o(i.HAL_UART_Transmit)
    i.HAL_UART_TxCpltCallback                0x0800250a   Section        0  stm32f1xx_hal_uart.o(i.HAL_UART_TxCpltCallback)
    i.HCSR04_Complete_Callback               0x0800250c   Section        0  main.o(i.HCSR04_Complete_Callback)
    i.HCSR04_Handle                          0x0800257c   Section        0  hcsr04.o(i.HCSR04_Handle)
    i.HCSR04_Init                            0x080025b4   Section        0  hcsr04.o(i.HCSR04_Init)
    i.HCSR04_Start                           0x080025cc   Section        0  hcsr04.o(i.HCSR04_Start)
    i.HardFault_Handler                      0x080025f8   Section        0  stm32f1xx_it.o(i.HardFault_Handler)
    i.I2C_IsAcknowledgeFailed                0x080025fa   Section        0  stm32f1xx_hal_i2c.o(i.I2C_IsAcknowledgeFailed)
    I2C_IsAcknowledgeFailed                  0x080025fb   Thumb Code    46  stm32f1xx_hal_i2c.o(i.I2C_IsAcknowledgeFailed)
    i.I2C_MasterRequestWrite                 0x08002628   Section        0  stm32f1xx_hal_i2c.o(i.I2C_MasterRequestWrite)
    I2C_MasterRequestWrite                   0x08002629   Thumb Code   150  stm32f1xx_hal_i2c.o(i.I2C_MasterRequestWrite)
    i.I2C_WaitOnBTFFlagUntilTimeout          0x080026c4   Section        0  stm32f1xx_hal_i2c.o(i.I2C_WaitOnBTFFlagUntilTimeout)
    I2C_WaitOnBTFFlagUntilTimeout            0x080026c5   Thumb Code    76  stm32f1xx_hal_i2c.o(i.I2C_WaitOnBTFFlagUntilTimeout)
    i.I2C_WaitOnFlagUntilTimeout             0x08002710   Section        0  stm32f1xx_hal_i2c.o(i.I2C_WaitOnFlagUntilTimeout)
    I2C_WaitOnFlagUntilTimeout               0x08002711   Thumb Code   104  stm32f1xx_hal_i2c.o(i.I2C_WaitOnFlagUntilTimeout)
    i.I2C_WaitOnMasterAddressFlagUntilTimeout 0x08002778   Section        0  stm32f1xx_hal_i2c.o(i.I2C_WaitOnMasterAddressFlagUntilTimeout)
    I2C_WaitOnMasterAddressFlagUntilTimeout  0x08002779   Thumb Code   150  stm32f1xx_hal_i2c.o(i.I2C_WaitOnMasterAddressFlagUntilTimeout)
    i.I2C_WaitOnTXEFlagUntilTimeout          0x0800280e   Section        0  stm32f1xx_hal_i2c.o(i.I2C_WaitOnTXEFlagUntilTimeout)
    I2C_WaitOnTXEFlagUntilTimeout            0x0800280f   Thumb Code    76  stm32f1xx_hal_i2c.o(i.I2C_WaitOnTXEFlagUntilTimeout)
    i.KeypadPressedShortCallback             0x0800285a   Section        0  keypad.o(i.KeypadPressedShortCallback)
    i.KeypadPressingCallback                 0x0800285c   Section        0  main.o(i.KeypadPressingCallback)
    i.KeypadPressingTimeoutCallback          0x08002b3c   Section        0  main.o(i.KeypadPressingTimeoutCallback)
    i.KeypadReleaseCallback                  0x08002bdc   Section        0  keypad.o(i.KeypadReleaseCallback)
    i.Keypad_GetKey                          0x08002be0   Section        0  keypad.o(i.Keypad_GetKey)
    i.Keypad_Handle                          0x08002c5c   Section        0  keypad.o(i.Keypad_Handle)
    i.Keypad_State_Handle                    0x08002cec   Section        0  main.o(i.Keypad_State_Handle)
    i.MX_GPIO_Init                           0x08002e64   Section        0  main.o(i.MX_GPIO_Init)
    MX_GPIO_Init                             0x08002e65   Thumb Code   276  main.o(i.MX_GPIO_Init)
    i.MX_TIM1_Init                           0x08002f8c   Section        0  main.o(i.MX_TIM1_Init)
    MX_TIM1_Init                             0x08002f8d   Thumb Code   166  main.o(i.MX_TIM1_Init)
    i.MX_TIM2_Init                           0x0800303c   Section        0  main.o(i.MX_TIM2_Init)
    MX_TIM2_Init                             0x0800303d   Thumb Code    76  main.o(i.MX_TIM2_Init)
    i.MX_TIM3_Init                           0x0800308c   Section        0  main.o(i.MX_TIM3_Init)
    MX_TIM3_Init                             0x0800308d   Thumb Code   144  main.o(i.MX_TIM3_Init)
    i.MX_TIM4_Init                           0x08003124   Section        0  main.o(i.MX_TIM4_Init)
    MX_TIM4_Init                             0x08003125   Thumb Code   124  main.o(i.MX_TIM4_Init)
    i.Map                                    0x080031a8   Section        0  servo.o(i.Map)
    i.MemManage_Handler                      0x080031bc   Section        0  stm32f1xx_it.o(i.MemManage_Handler)
    i.Memorization_Position                  0x080031c0   Section        0  arm_auto.o(i.Memorization_Position)
    i.NMI_Handler                            0x080031f0   Section        0  stm32f1xx_it.o(i.NMI_Handler)
    i.PID_value_calculate                    0x080031f4   Section        0  car_auto.o(i.PID_value_calculate)
    i.PWM_set_duty                           0x08003218   Section        0  pwm.o(i.PWM_set_duty)
    i.PendSV_Handler                         0x08003244   Section        0  stm32f1xx_it.o(i.PendSV_Handler)
    i.SVC_Handler                            0x08003246   Section        0  stm32f1xx_it.o(i.SVC_Handler)
    i.Servo_Init                             0x08003248   Section        0  servo.o(i.Servo_Init)
    i.Servo_Read                             0x0800325a   Section        0  servo.o(i.Servo_Read)
    i.Servo_Write                            0x0800325e   Section        0  servo.o(i.Servo_Write)
    i.Set_Default_State                      0x080032aa   Section        0  arm_driver.o(i.Set_Default_State)
    i.SysTick_Handler                        0x080032d6   Section        0  stm32f1xx_it.o(i.SysTick_Handler)
    i.SystemClock_Config                     0x080032da   Section        0  main.o(i.SystemClock_Config)
    i.SystemInit                             0x08003328   Section        0  system_stm32f1xx.o(i.SystemInit)
    i.TIM_Base_SetConfig                     0x0800332c   Section        0  stm32f1xx_hal_tim.o(i.TIM_Base_SetConfig)
    i.TIM_CCxChannelCmd                      0x08003398   Section        0  stm32f1xx_hal_tim.o(i.TIM_CCxChannelCmd)
    i.TIM_ETR_SetConfig                      0x080033b2   Section        0  stm32f1xx_hal_tim.o(i.TIM_ETR_SetConfig)
    i.TIM_ITRx_SetConfig                     0x080033c6   Section        0  stm32f1xx_hal_tim.o(i.TIM_ITRx_SetConfig)
    TIM_ITRx_SetConfig                       0x080033c7   Thumb Code    16  stm32f1xx_hal_tim.o(i.TIM_ITRx_SetConfig)
    i.TIM_OC1_SetConfig                      0x080033d8   Section        0  stm32f1xx_hal_tim.o(i.TIM_OC1_SetConfig)
    TIM_OC1_SetConfig                        0x080033d9   Thumb Code    74  stm32f1xx_hal_tim.o(i.TIM_OC1_SetConfig)
    i.TIM_OC2_SetConfig                      0x08003428   Section        0  stm32f1xx_hal_tim.o(i.TIM_OC2_SetConfig)
    i.TIM_OC3_SetConfig                      0x08003480   Section        0  stm32f1xx_hal_tim.o(i.TIM_OC3_SetConfig)
    TIM_OC3_SetConfig                        0x08003481   Thumb Code    82  stm32f1xx_hal_tim.o(i.TIM_OC3_SetConfig)
    i.TIM_OC4_SetConfig                      0x080034d8   Section        0  stm32f1xx_hal_tim.o(i.TIM_OC4_SetConfig)
    TIM_OC4_SetConfig                        0x080034d9   Thumb Code    64  stm32f1xx_hal_tim.o(i.TIM_OC4_SetConfig)
    i.TIM_TI1_ConfigInputStage               0x0800351c   Section        0  stm32f1xx_hal_tim.o(i.TIM_TI1_ConfigInputStage)
    TIM_TI1_ConfigInputStage                 0x0800351d   Thumb Code    34  stm32f1xx_hal_tim.o(i.TIM_TI1_ConfigInputStage)
    i.TIM_TI2_ConfigInputStage               0x0800353e   Section        0  stm32f1xx_hal_tim.o(i.TIM_TI2_ConfigInputStage)
    TIM_TI2_ConfigInputStage                 0x0800353f   Thumb Code    36  stm32f1xx_hal_tim.o(i.TIM_TI2_ConfigInputStage)
    i.UART_DMAAbortOnError                   0x08003562   Section        0  stm32f1xx_hal_uart.o(i.UART_DMAAbortOnError)
    UART_DMAAbortOnError                     0x08003563   Thumb Code    16  stm32f1xx_hal_uart.o(i.UART_DMAAbortOnError)
    i.UART_EndRxTransfer                     0x08003572   Section        0  stm32f1xx_hal_uart.o(i.UART_EndRxTransfer)
    UART_EndRxTransfer                       0x08003573   Thumb Code    48  stm32f1xx_hal_uart.o(i.UART_EndRxTransfer)
    i.UART_Receive_IT                        0x080035a2   Section        0  stm32f1xx_hal_uart.o(i.UART_Receive_IT)
    UART_Receive_IT                          0x080035a3   Thumb Code   182  stm32f1xx_hal_uart.o(i.UART_Receive_IT)
    i.UART_SetConfig                         0x08003658   Section        0  stm32f1xx_hal_uart.o(i.UART_SetConfig)
    UART_SetConfig                           0x08003659   Thumb Code   178  stm32f1xx_hal_uart.o(i.UART_SetConfig)
    i.UART_Start_Receive_IT                  0x08003710   Section        0  stm32f1xx_hal_uart.o(i.UART_Start_Receive_IT)
    i.UART_WaitOnFlagUntilTimeout            0x08003746   Section        0  stm32f1xx_hal_uart.o(i.UART_WaitOnFlagUntilTimeout)
    UART_WaitOnFlagUntilTimeout              0x08003747   Thumb Code   100  stm32f1xx_hal_uart.o(i.UART_WaitOnFlagUntilTimeout)
    i.USART1_IRQHandler                      0x080037ac   Section        0  stm32f1xx_it.o(i.USART1_IRQHandler)
    i.Uart_Handle                            0x080037b8   Section        0  uart.o(i.Uart_Handle)
    i.Uart_Receive_Data                      0x0800388c   Section        0  uart.o(i.Uart_Receive_Data)
    i.UsageFault_Handler                     0x080038b4   Section        0  stm32f1xx_it.o(i.UsageFault_Handler)
    i.__0vsprintf                            0x080038b8   Section        0  printfa.o(i.__0vsprintf)
    i.__NVIC_SetPriority                     0x080038dc   Section        0  stm32f1xx_hal_cortex.o(i.__NVIC_SetPriority)
    __NVIC_SetPriority                       0x080038dd   Thumb Code    32  stm32f1xx_hal_cortex.o(i.__NVIC_SetPriority)
    i.__aeabi_errno_addr                     0x080038fc   Section        0  errno.o(i.__aeabi_errno_addr)
    i.__scatterload_copy                     0x08003904   Section       14  handlers.o(i.__scatterload_copy)
    i.__scatterload_null                     0x08003912   Section        2  handlers.o(i.__scatterload_null)
    i.__scatterload_zeroinit                 0x08003914   Section       14  handlers.o(i.__scatterload_zeroinit)
    i._fp_digits                             0x08003924   Section        0  printfa.o(i._fp_digits)
    _fp_digits                               0x08003925   Thumb Code   366  printfa.o(i._fp_digits)
    i._printf_core                           0x08003aa8   Section        0  printfa.o(i._printf_core)
    _printf_core                             0x08003aa9   Thumb Code  1744  printfa.o(i._printf_core)
    i._printf_post_padding                   0x08004184   Section        0  printfa.o(i._printf_post_padding)
    _printf_post_padding                     0x08004185   Thumb Code    36  printfa.o(i._printf_post_padding)
    i._printf_pre_padding                    0x080041a8   Section        0  printfa.o(i._printf_pre_padding)
    _printf_pre_padding                      0x080041a9   Thumb Code    46  printfa.o(i._printf_pre_padding)
    i._sputc                                 0x080041d6   Section        0  printfa.o(i._sputc)
    _sputc                                   0x080041d7   Thumb Code    10  printfa.o(i._sputc)
    i.arm_auto_by_cmd_load                   0x080041e0   Section        0  arm_auto.o(i.arm_auto_by_cmd_load)
    i.arm_auto_by_cmd_unload                 0x080042b8   Section        0  arm_auto.o(i.arm_auto_by_cmd_unload)
    i.arm_set_cmd                            0x08004390   Section        0  car_auto.o(i.arm_set_cmd)
    i.car_auto_state_handle                  0x08004454   Section        0  car_auto.o(i.car_auto_state_handle)
    i.car_auto_state_switch                  0x08004580   Section        0  car_auto.o(i.car_auto_state_switch)
    i.car_check_side                         0x08004658   Section        0  car_auto.o(i.car_check_side)
    i.car_obstacle                           0x080046c4   Section        0  car_auto.o(i.car_obstacle)
    i.car_remote_handle                      0x080047c8   Section        0  car_remote.o(i.car_remote_handle)
    i.car_state_remote_excuse                0x080047cc   Section        0  car_remote.o(i.car_state_remote_excuse)
    i.control_motor                          0x08004820   Section        0  motor.o(i.control_motor)
    i.delay_us                               0x08004872   Section        0  hcsr04.o(i.delay_us)
    i.error_calculate                        0x08004898   Section        0  ir_sensor.o(i.error_calculate)
    i.flash_erease                           0x08004906   Section        0  flash.o(i.flash_erease)
    i.flash_lock                             0x08004920   Section        0  flash.o(i.flash_lock)
    i.flash_read_arr                         0x08004924   Section        0  flash.o(i.flash_read_arr)
    i.flash_unlock                           0x0800493e   Section        0  flash.o(i.flash_unlock)
    i.flash_write_arr                        0x08004942   Section        0  flash.o(i.flash_write_arr)
    i.ir_sensor_read                         0x0800496c   Section        0  ir_sensor.o(i.ir_sensor_read)
    i.lcd_clear_display                      0x080049bc   Section        0  liquidcrystal_i2c.o(i.lcd_clear_display)
    i.lcd_init                               0x080049ce   Section        0  liquidcrystal_i2c.o(i.lcd_init)
    i.lcd_printf                             0x08004a34   Section        0  liquidcrystal_i2c.o(i.lcd_printf)
    i.lcd_putchar                            0x08004a6e   Section        0  liquidcrystal_i2c.o(i.lcd_putchar)
    i.lcd_send_cmd                           0x08004a72   Section        0  liquidcrystal_i2c.o(i.lcd_send_cmd)
    lcd_send_cmd                             0x08004a73   Thumb Code    64  liquidcrystal_i2c.o(i.lcd_send_cmd)
    i.lcd_send_data                          0x08004ab2   Section        0  liquidcrystal_i2c.o(i.lcd_send_data)
    lcd_send_data                            0x08004ab3   Thumb Code    72  liquidcrystal_i2c.o(i.lcd_send_data)
    i.lcd_set_cursor                         0x08004afc   Section        0  liquidcrystal_i2c.o(i.lcd_set_cursor)
    i.lcd_set_cursor_blink_off               0x08004b1c   Section        0  liquidcrystal_i2c.o(i.lcd_set_cursor_blink_off)
    i.lcd_set_cursor_blink_on                0x08004b2c   Section        0  liquidcrystal_i2c.o(i.lcd_set_cursor_blink_on)
    i.lcd_set_cursor_off                     0x08004b3c   Section        0  liquidcrystal_i2c.o(i.lcd_set_cursor_off)
    i.lcd_set_cursor_on                      0x08004b4c   Section        0  liquidcrystal_i2c.o(i.lcd_set_cursor_on)
    i.main                                   0x08004b5c   Section        0  main.o(i.main)
    i.miss_way_value                         0x08004c74   Section        0  car_auto.o(i.miss_way_value)
    i.motor_init                             0x08004ca4   Section        0  motor.o(i.motor_init)
    i.remote_set_state                       0x08004cc0   Section        0  main.o(i.remote_set_state)
    i.set_car_params_remote                  0x08004d84   Section        0  car_remote.o(i.set_car_params_remote)
    .constdata                               0x08004e64   Section       16  keypad.o(.constdata)
    .constdata                               0x08004e74   Section       16  system_stm32f1xx.o(.constdata)
    .constdata                               0x08004e84   Section        8  system_stm32f1xx.o(.constdata)
    .constdata                               0x08004e8c   Section      129  ctype_o.o(.constdata)
    .constdata                               0x08004f10   Section        4  ctype_o.o(.constdata)
    table                                    0x08004f10   Data           4  ctype_o.o(.constdata)
    .data                                    0x20000000   Section       64  keypad.o(.data)
    debouncing                               0x20000000   Data           1  keypad.o(.data)
    key_current                              0x20000001   Data           1  keypad.o(.data)
    key_last                                 0x20000002   Data           1  keypad.o(.data)
    key_debounce                             0x20000003   Data           1  keypad.o(.data)
    t_debounce                               0x20000004   Data           4  keypad.o(.data)
    t_start_press                            0x20000008   Data           4  keypad.o(.data)
    is_press                                 0x2000000c   Data           4  keypad.o(.data)
    Keypad_RowPin                            0x20000010   Data           8  keypad.o(.data)
    Keypad_ColPin                            0x20000018   Data           8  keypad.o(.data)
    Keypad_RowPort                           0x20000020   Data          16  keypad.o(.data)
    Keypad_ColPort                           0x20000030   Data          16  keypad.o(.data)
    .data                                    0x20000040   Section        2  uart.o(.data)
    .data                                    0x20000042   Section        8  car_remote.o(.data)
    .data                                    0x2000004c   Section       44  car_auto.o(.data)
    P                                        0x2000004c   Data           1  car_auto.o(.data)
    D                                        0x2000004d   Data           1  car_auto.o(.data)
    Pre_Error                                0x2000004e   Data           1  car_auto.o(.data)
    I                                        0x20000058   Data           2  car_auto.o(.data)
    .data                                    0x20000078   Section       32  arm_auto.o(.data)
    .data                                    0x20000098   Section       32  main.o(.data)
    time_blink                               0x200000a8   Data           4  main.o(.data)
    .data                                    0x200000b8   Section       12  stm32f1xx_hal.o(.data)
    .data                                    0x200000c4   Section        4  system_stm32f1xx.o(.data)
    .data                                    0x200000c8   Section        4  strtok.o(.data)
    state                                    0x200000c8   Data           4  strtok.o(.data)
    .data                                    0x200000cc   Section        4  errno.o(.data)
    _errno                                   0x200000cc   Data           4  errno.o(.data)
    .bss                                     0x200000d0   Section       30  uart.o(.bss)
    .bss                                     0x200000f0   Section       32  car_driver.o(.bss)
    .bss                                     0x20000110   Section      240  arm_auto.o(.bss)
    .bss                                     0x20000200   Section      545  main.o(.bss)
    .bss                                     0x20000428   Section       32  stm32f1xx_hal_flash.o(.bss)
    STACK                                    0x20000448   Section     1024  startup_stm32f103xb.o(STACK)

    Global Symbols

    Symbol Name                              Value     Ov Type        Size  Object(Section)

    BuildAttributes$$THM_ISAv4$P$D$K$B$S$PE$A:L22UL41UL21$X:L11$S22US41US21$IEEE1$IW$USESV6$~STKCKD$USESV7$~SHL$OTIME$ROPI$EBA8$MICROLIB$REQ8$PRES8$EABIv2 0x00000000   Number         0  anon$$obj.o ABSOLUTE
    __ARM_use_no_argv                        0x00000000   Number         0  main.o ABSOLUTE
    __cpp_initialize__aeabi_                  - Undefined Weak Reference
    __cxa_finalize                            - Undefined Weak Reference
    __decompress                              - Undefined Weak Reference
    _clock_init                               - Undefined Weak Reference
    _microlib_exit                            - Undefined Weak Reference
    __Vectors_Size                           0x000000ec   Number         0  startup_stm32f103xb.o ABSOLUTE
    __Vectors                                0x08000000   Data           4  startup_stm32f103xb.o(RESET)
    __Vectors_End                            0x080000ec   Data           0  startup_stm32f103xb.o(RESET)
    __main                                   0x080000ed   Thumb Code     0  entry.o(.ARM.Collect$$$$00000000)
    _main_stk                                0x080000ed   Thumb Code     0  entry2.o(.ARM.Collect$$$$00000001)
    _main_scatterload                        0x080000f1   Thumb Code     0  entry5.o(.ARM.Collect$$$$00000004)
    __main_after_scatterload                 0x080000f5   Thumb Code     0  entry5.o(.ARM.Collect$$$$00000004)
    _main_clock                              0x080000f5   Thumb Code     0  entry7b.o(.ARM.Collect$$$$00000008)
    _main_cpp_init                           0x080000f5   Thumb Code     0  entry8b.o(.ARM.Collect$$$$0000000A)
    _main_init                               0x080000f5   Thumb Code     0  entry9a.o(.ARM.Collect$$$$0000000B)
    __rt_final_cpp                           0x080000fd   Thumb Code     0  entry10a.o(.ARM.Collect$$$$0000000D)
    __rt_final_exit                          0x080000fd   Thumb Code     0  entry11a.o(.ARM.Collect$$$$0000000F)
    Reset_Handler                            0x08000101   Thumb Code     8  startup_stm32f103xb.o(.text)
    ADC1_2_IRQHandler                        0x0800011b   Thumb Code     0  startup_stm32f103xb.o(.text)
    CAN1_RX1_IRQHandler                      0x0800011b   Thumb Code     0  startup_stm32f103xb.o(.text)
    CAN1_SCE_IRQHandler                      0x0800011b   Thumb Code     0  startup_stm32f103xb.o(.text)
    DMA1_Channel1_IRQHandler                 0x0800011b   Thumb Code     0  startup_stm32f103xb.o(.text)
    DMA1_Channel2_IRQHandler                 0x0800011b   Thumb Code     0  startup_stm32f103xb.o(.text)
    DMA1_Channel3_IRQHandler                 0x0800011b   Thumb Code     0  startup_stm32f103xb.o(.text)
    DMA1_Channel4_IRQHandler                 0x0800011b   Thumb Code     0  startup_stm32f103xb.o(.text)
    DMA1_Channel5_IRQHandler                 0x0800011b   Thumb Code     0  startup_stm32f103xb.o(.text)
    DMA1_Channel6_IRQHandler                 0x0800011b   Thumb Code     0  startup_stm32f103xb.o(.text)
    DMA1_Channel7_IRQHandler                 0x0800011b   Thumb Code     0  startup_stm32f103xb.o(.text)
    EXTI0_IRQHandler                         0x0800011b   Thumb Code     0  startup_stm32f103xb.o(.text)
    EXTI1_IRQHandler                         0x0800011b   Thumb Code     0  startup_stm32f103xb.o(.text)
    EXTI2_IRQHandler                         0x0800011b   Thumb Code     0  startup_stm32f103xb.o(.text)
    EXTI3_IRQHandler                         0x0800011b   Thumb Code     0  startup_stm32f103xb.o(.text)
    EXTI4_IRQHandler                         0x0800011b   Thumb Code     0  startup_stm32f103xb.o(.text)
    EXTI9_5_IRQHandler                       0x0800011b   Thumb Code     0  startup_stm32f103xb.o(.text)
    FLASH_IRQHandler                         0x0800011b   Thumb Code     0  startup_stm32f103xb.o(.text)
    I2C1_ER_IRQHandler                       0x0800011b   Thumb Code     0  startup_stm32f103xb.o(.text)
    I2C1_EV_IRQHandler                       0x0800011b   Thumb Code     0  startup_stm32f103xb.o(.text)
    I2C2_ER_IRQHandler                       0x0800011b   Thumb Code     0  startup_stm32f103xb.o(.text)
    I2C2_EV_IRQHandler                       0x0800011b   Thumb Code     0  startup_stm32f103xb.o(.text)
    PVD_IRQHandler                           0x0800011b   Thumb Code     0  startup_stm32f103xb.o(.text)
    RCC_IRQHandler                           0x0800011b   Thumb Code     0  startup_stm32f103xb.o(.text)
    RTC_Alarm_IRQHandler                     0x0800011b   Thumb Code     0  startup_stm32f103xb.o(.text)
    RTC_IRQHandler                           0x0800011b   Thumb Code     0  startup_stm32f103xb.o(.text)
    SPI1_IRQHandler                          0x0800011b   Thumb Code     0  startup_stm32f103xb.o(.text)
    SPI2_IRQHandler                          0x0800011b   Thumb Code     0  startup_stm32f103xb.o(.text)
    TAMPER_IRQHandler                        0x0800011b   Thumb Code     0  startup_stm32f103xb.o(.text)
    TIM1_BRK_IRQHandler                      0x0800011b   Thumb Code     0  startup_stm32f103xb.o(.text)
    TIM1_CC_IRQHandler                       0x0800011b   Thumb Code     0  startup_stm32f103xb.o(.text)
    TIM1_TRG_COM_IRQHandler                  0x0800011b   Thumb Code     0  startup_stm32f103xb.o(.text)
    TIM1_UP_IRQHandler                       0x0800011b   Thumb Code     0  startup_stm32f103xb.o(.text)
    TIM2_IRQHandler                          0x0800011b   Thumb Code     0  startup_stm32f103xb.o(.text)
    TIM3_IRQHandler                          0x0800011b   Thumb Code     0  startup_stm32f103xb.o(.text)
    TIM4_IRQHandler                          0x0800011b   Thumb Code     0  startup_stm32f103xb.o(.text)
    USART2_IRQHandler                        0x0800011b   Thumb Code     0  startup_stm32f103xb.o(.text)
    USART3_IRQHandler                        0x0800011b   Thumb Code     0  startup_stm32f103xb.o(.text)
    USBWakeUp_IRQHandler                     0x0800011b   Thumb Code     0  startup_stm32f103xb.o(.text)
    USB_HP_CAN1_TX_IRQHandler                0x0800011b   Thumb Code     0  startup_stm32f103xb.o(.text)
    USB_LP_CAN1_RX0_IRQHandler               0x0800011b   Thumb Code     0  startup_stm32f103xb.o(.text)
    WWDG_IRQHandler                          0x0800011b   Thumb Code     0  startup_stm32f103xb.o(.text)
    __aeabi_llsr                             0x08000125   Thumb Code    32  llushr.o(.text)
    _ll_ushift_r                             0x08000125   Thumb Code     0  llushr.o(.text)
    __aeabi_memset                           0x08000145   Thumb Code    14  memseta.o(.text)
    __aeabi_memset4                          0x08000145   Thumb Code     0  memseta.o(.text)
    __aeabi_memset8                          0x08000145   Thumb Code     0  memseta.o(.text)
    __aeabi_memclr                           0x08000153   Thumb Code     4  memseta.o(.text)
    __aeabi_memclr4                          0x08000153   Thumb Code     0  memseta.o(.text)
    __aeabi_memclr8                          0x08000153   Thumb Code     0  memseta.o(.text)
    _memset$wrapper                          0x08000157   Thumb Code    18  memseta.o(.text)
    strlen                                   0x08000169   Thumb Code    14  strlen.o(.text)
    strncmp                                  0x08000177   Thumb Code    30  strncmp.o(.text)
    strtok                                   0x08000195   Thumb Code    62  strtok.o(.text)
    atoi                                     0x080001d9   Thumb Code    26  atoi.o(.text)
    __aeabi_dmul                             0x080001f3   Thumb Code   228  dmul.o(.text)
    __aeabi_ui2d                             0x080002d7   Thumb Code    26  dfltui.o(.text)
    __aeabi_f2d                              0x080002f1   Thumb Code    38  f2d.o(.text)
    __aeabi_d2f                              0x08000317   Thumb Code    56  d2f.o(.text)
    __aeabi_cfcmpeq                          0x08000351   Thumb Code     0  cfcmple.o(.text)
    __aeabi_cfcmple                          0x08000351   Thumb Code    20  cfcmple.o(.text)
    __aeabi_cfrcmple                         0x08000365   Thumb Code    20  cfrcmple.o(.text)
    __aeabi_uidiv                            0x08000379   Thumb Code     0  uidiv.o(.text)
    __aeabi_uidivmod                         0x08000379   Thumb Code    44  uidiv.o(.text)
    __aeabi_uldivmod                         0x080003a5   Thumb Code    98  uldiv.o(.text)
    strtol                                   0x08000407   Thumb Code   112  strtol.o(.text)
    __I$use$fp                               0x08000477   Thumb Code     0  iusefp.o(.text)
    _float_round                             0x08000477   Thumb Code    18  fepilogue.o(.text)
    _float_epilogue                          0x08000489   Thumb Code    92  fepilogue.o(.text)
    _double_round                            0x080004e5   Thumb Code    30  depilogue.o(.text)
    _double_epilogue                         0x08000503   Thumb Code   156  depilogue.o(.text)
    __aeabi_dadd                             0x0800059f   Thumb Code   322  dadd.o(.text)
    __aeabi_dsub                             0x080006e1   Thumb Code     6  dadd.o(.text)
    __aeabi_drsub                            0x080006e7   Thumb Code     6  dadd.o(.text)
    __aeabi_ddiv                             0x080006ed   Thumb Code   222  ddiv.o(.text)
    __aeabi_d2ulz                            0x080007cb   Thumb Code    48  dfixul.o(.text)
    __aeabi_cdrcmple                         0x080007fd   Thumb Code    48  cdrcmple.o(.text)
    __scatterload                            0x0800082d   Thumb Code    28  init.o(.text)
    __scatterload_rt2                        0x0800082d   Thumb Code     0  init.o(.text)
    __aeabi_llsl                             0x08000851   Thumb Code    30  llshl.o(.text)
    _ll_shift_l                              0x08000851   Thumb Code     0  llshl.o(.text)
    __aeabi_lasr                             0x0800086f   Thumb Code    36  llsshr.o(.text)
    _ll_sshift_r                             0x0800086f   Thumb Code     0  llsshr.o(.text)
    __rt_ctype_table                         0x08000895   Thumb Code     4  ctype_o.o(.text)
    _strtoul                                 0x0800089d   Thumb Code   158  _strtoul.o(.text)
    _chval                                   0x0800093b   Thumb Code    28  _chval.o(.text)
    Arm_Control_by_Step                      0x08000957   Thumb Code    92  arm_driver.o(i.Arm_Control_by_Step)
    Arm_Robot_Init                           0x080009b3   Thumb Code    58  arm_driver.o(i.Arm_Robot_Init)
    BusFault_Handler                         0x080009ed   Thumb Code     2  stm32f1xx_it.o(i.BusFault_Handler)
    Car_Control                              0x080009f1   Thumb Code   150  car_driver.o(i.Car_Control)
    Car_Control_Wheels                       0x08000a8d   Thumb Code    54  car_driver.o(i.Car_Control_Wheels)
    Car_Init                                 0x08000ac9   Thumb Code    54  car_driver.o(i.Car_Init)
    DebugMon_Handler                         0x08000b05   Thumb Code     2  stm32f1xx_it.o(i.DebugMon_Handler)
    EXTI15_10_IRQHandler                     0x08000b07   Thumb Code     8  stm32f1xx_it.o(i.EXTI15_10_IRQHandler)
    EXTI_HCSR04_Callback                     0x08000b0f   Thumb Code    80  hcsr04.o(i.EXTI_HCSR04_Callback)
    FLASH_PageErase                          0x08000b85   Thumb Code    28  stm32f1xx_hal_flash_ex.o(i.FLASH_PageErase)
    FLASH_WaitForLastOperation               0x08000c21   Thumb Code    80  stm32f1xx_hal_flash.o(i.FLASH_WaitForLastOperation)
    Flash_Read_Position_Load                 0x08000c75   Thumb Code    46  arm_auto.o(i.Flash_Read_Position_Load)
    Flash_Read_Position_Unload               0x08000cb5   Thumb Code    46  arm_auto.o(i.Flash_Read_Position_Unload)
    Flash_Save_Position_Load                 0x08000cf5   Thumb Code    54  arm_auto.o(i.Flash_Save_Position_Load)
    Flash_Save_Position_Unload               0x08000d3d   Thumb Code    54  arm_auto.o(i.Flash_Save_Position_Unload)
    HAL_DMA_Abort                            0x08000d85   Thumb Code    70  stm32f1xx_hal_dma.o(i.HAL_DMA_Abort)
    HAL_DMA_Abort_IT                         0x08000dcd   Thumb Code   148  stm32f1xx_hal_dma.o(i.HAL_DMA_Abort_IT)
    HAL_Delay                                0x08000e65   Thumb Code    32  stm32f1xx_hal.o(i.HAL_Delay)
    HAL_FLASHEx_Erase                        0x08000e89   Thumb Code   160  stm32f1xx_hal_flash_ex.o(i.HAL_FLASHEx_Erase)
    HAL_FLASH_Lock                           0x08000f31   Thumb Code    14  stm32f1xx_hal_flash.o(i.HAL_FLASH_Lock)
    HAL_FLASH_Program                        0x08000f45   Thumb Code   120  stm32f1xx_hal_flash.o(i.HAL_FLASH_Program)
    HAL_FLASH_Unlock                         0x08000fc5   Thumb Code    28  stm32f1xx_hal_flash.o(i.HAL_FLASH_Unlock)
    HAL_GPIO_EXTI_Callback                   0x08000fed   Thumb Code    14  main.o(i.HAL_GPIO_EXTI_Callback)
    HAL_GPIO_EXTI_IRQHandler                 0x08001001   Thumb Code    18  stm32f1xx_hal_gpio.o(i.HAL_GPIO_EXTI_IRQHandler)
    HAL_GPIO_Init                            0x08001019   Thumb Code   446  stm32f1xx_hal_gpio.o(i.HAL_GPIO_Init)
    HAL_GPIO_ReadPin                         0x080011f9   Thumb Code    10  stm32f1xx_hal_gpio.o(i.HAL_GPIO_ReadPin)
    HAL_GPIO_TogglePin                       0x08001203   Thumb Code    16  stm32f1xx_hal_gpio.o(i.HAL_GPIO_TogglePin)
    HAL_GPIO_WritePin                        0x08001213   Thumb Code    10  stm32f1xx_hal_gpio.o(i.HAL_GPIO_WritePin)
    HAL_GetTick                              0x0800121d   Thumb Code     6  stm32f1xx_hal.o(i.HAL_GetTick)
    HAL_I2C_Init                             0x08001229   Thumb Code   376  stm32f1xx_hal_i2c.o(i.HAL_I2C_Init)
    HAL_I2C_Master_Transmit                  0x080013b1   Thumb Code   290  stm32f1xx_hal_i2c.o(i.HAL_I2C_Master_Transmit)
    HAL_I2C_MspInit                          0x080014dd   Thumb Code    82  stm32f1xx_hal_msp.o(i.HAL_I2C_MspInit)
    HAL_IncTick                              0x0800153d   Thumb Code    12  stm32f1xx_hal.o(i.HAL_IncTick)
    HAL_Init                                 0x0800154d   Thumb Code    32  stm32f1xx_hal.o(i.HAL_Init)
    HAL_InitTick                             0x08001571   Thumb Code    54  stm32f1xx_hal.o(i.HAL_InitTick)
    HAL_MspInit                              0x080015b1   Thumb Code    52  stm32f1xx_hal_msp.o(i.HAL_MspInit)
    HAL_NVIC_EnableIRQ                       0x080015ed   Thumb Code    26  stm32f1xx_hal_cortex.o(i.HAL_NVIC_EnableIRQ)
    HAL_NVIC_SetPriority                     0x08001609   Thumb Code    60  stm32f1xx_hal_cortex.o(i.HAL_NVIC_SetPriority)
    HAL_NVIC_SetPriorityGrouping             0x08001649   Thumb Code    26  stm32f1xx_hal_cortex.o(i.HAL_NVIC_SetPriorityGrouping)
    HAL_RCC_ClockConfig                      0x0800166d   Thumb Code   280  stm32f1xx_hal_rcc.o(i.HAL_RCC_ClockConfig)
    HAL_RCC_GetPCLK1Freq                     0x08001799   Thumb Code    20  stm32f1xx_hal_rcc.o(i.HAL_RCC_GetPCLK1Freq)
    HAL_RCC_GetPCLK2Freq                     0x080017b9   Thumb Code    20  stm32f1xx_hal_rcc.o(i.HAL_RCC_GetPCLK2Freq)
    HAL_RCC_GetSysClockFreq                  0x080017d9   Thumb Code    74  stm32f1xx_hal_rcc.o(i.HAL_RCC_GetSysClockFreq)
    HAL_RCC_OscConfig                        0x08001845   Thumb Code   778  stm32f1xx_hal_rcc.o(i.HAL_RCC_OscConfig)
    HAL_SYSTICK_Config                       0x08001b65   Thumb Code    40  stm32f1xx_hal_cortex.o(i.HAL_SYSTICK_Config)
    HAL_TIMEx_ConfigBreakDeadTime            0x08001b8d   Thumb Code    84  stm32f1xx_hal_tim_ex.o(i.HAL_TIMEx_ConfigBreakDeadTime)
    HAL_TIMEx_MasterConfigSynchronization    0x08001be1   Thumb Code    92  stm32f1xx_hal_tim_ex.o(i.HAL_TIMEx_MasterConfigSynchronization)
    HAL_TIM_Base_Init                        0x08001c49   Thumb Code    90  stm32f1xx_hal_tim.o(i.HAL_TIM_Base_Init)
    HAL_TIM_Base_MspInit                     0x08001ca5   Thumb Code    96  stm32f1xx_hal_msp.o(i.HAL_TIM_Base_MspInit)
    HAL_TIM_Base_Start                       0x08001d15   Thumb Code    66  stm32f1xx_hal_tim.o(i.HAL_TIM_Base_Start)
    HAL_TIM_Base_Stop                        0x08001d65   Thumb Code    38  stm32f1xx_hal_tim.o(i.HAL_TIM_Base_Stop)
    HAL_TIM_ConfigClockSource                0x08001d8b   Thumb Code   214  stm32f1xx_hal_tim.o(i.HAL_TIM_ConfigClockSource)
    HAL_TIM_MspPostInit                      0x08001e61   Thumb Code   154  stm32f1xx_hal_msp.o(i.HAL_TIM_MspPostInit)
    HAL_TIM_PWM_ConfigChannel                0x08001f19   Thumb Code   198  stm32f1xx_hal_tim.o(i.HAL_TIM_PWM_ConfigChannel)
    HAL_TIM_PWM_Init                         0x08001fdf   Thumb Code    90  stm32f1xx_hal_tim.o(i.HAL_TIM_PWM_Init)
    HAL_TIM_PWM_MspInit                      0x08002039   Thumb Code     2  stm32f1xx_hal_tim.o(i.HAL_TIM_PWM_MspInit)
    HAL_TIM_PWM_Start                        0x0800203d   Thumb Code   144  stm32f1xx_hal_tim.o(i.HAL_TIM_PWM_Start)
    HAL_UARTEx_RxEventCallback               0x080020d9   Thumb Code     2  stm32f1xx_hal_uart.o(i.HAL_UARTEx_RxEventCallback)
    HAL_UART_ErrorCallback                   0x080020db   Thumb Code     2  stm32f1xx_hal_uart.o(i.HAL_UART_ErrorCallback)
    HAL_UART_IRQHandler                      0x080020dd   Thumb Code   520  stm32f1xx_hal_uart.o(i.HAL_UART_IRQHandler)
    HAL_UART_Init                            0x080022e9   Thumb Code    98  stm32f1xx_hal_uart.o(i.HAL_UART_Init)
    HAL_UART_MspInit                         0x0800234d   Thumb Code   128  stm32f1xx_hal_msp.o(i.HAL_UART_MspInit)
    HAL_UART_Receive_IT                      0x080023dd   Thumb Code    42  stm32f1xx_hal_uart.o(i.HAL_UART_Receive_IT)
    HAL_UART_RxCpltCallback                  0x08002409   Thumb Code    72  main.o(i.HAL_UART_RxCpltCallback)
    HAL_UART_Transmit                        0x08002459   Thumb Code   178  stm32f1xx_hal_uart.o(i.HAL_UART_Transmit)
    HAL_UART_TxCpltCallback                  0x0800250b   Thumb Code     2  stm32f1xx_hal_uart.o(i.HAL_UART_TxCpltCallback)
    HCSR04_Complete_Callback                 0x0800250d   Thumb Code    80  main.o(i.HCSR04_Complete_Callback)
    HCSR04_Handle                            0x0800257d   Thumb Code    46  hcsr04.o(i.HCSR04_Handle)
    HCSR04_Init                              0x080025b5   Thumb Code    24  hcsr04.o(i.HCSR04_Init)
    HCSR04_Start                             0x080025cd   Thumb Code    44  hcsr04.o(i.HCSR04_Start)
    HardFault_Handler                        0x080025f9   Thumb Code     2  stm32f1xx_it.o(i.HardFault_Handler)
    KeypadPressedShortCallback               0x0800285b   Thumb Code     2  keypad.o(i.KeypadPressedShortCallback)
    KeypadPressingCallback                   0x0800285d   Thumb Code   584  main.o(i.KeypadPressingCallback)
    KeypadPressingTimeoutCallback            0x08002b3d   Thumb Code   132  main.o(i.KeypadPressingTimeoutCallback)
    KeypadReleaseCallback                    0x08002bdd   Thumb Code     2  keypad.o(i.KeypadReleaseCallback)
    Keypad_GetKey                            0x08002be1   Thumb Code   114  keypad.o(i.Keypad_GetKey)
    Keypad_Handle                            0x08002c5d   Thumb Code   140  keypad.o(i.Keypad_Handle)
    Keypad_State_Handle                      0x08002ced   Thumb Code   318  main.o(i.Keypad_State_Handle)
    Map                                      0x080031a9   Thumb Code    20  servo.o(i.Map)
    MemManage_Handler                        0x080031bd   Thumb Code     2  stm32f1xx_it.o(i.MemManage_Handler)
    Memorization_Position                    0x080031c1   Thumb Code    40  arm_auto.o(i.Memorization_Position)
    NMI_Handler                              0x080031f1   Thumb Code     2  stm32f1xx_it.o(i.NMI_Handler)
    PID_value_calculate                      0x080031f5   Thumb Code    32  car_auto.o(i.PID_value_calculate)
    PWM_set_duty                             0x08003219   Thumb Code    44  pwm.o(i.PWM_set_duty)
    PendSV_Handler                           0x08003245   Thumb Code     2  stm32f1xx_it.o(i.PendSV_Handler)
    SVC_Handler                              0x08003247   Thumb Code     2  stm32f1xx_it.o(i.SVC_Handler)
    Servo_Init                               0x08003249   Thumb Code    18  servo.o(i.Servo_Init)
    Servo_Read                               0x0800325b   Thumb Code     4  servo.o(i.Servo_Read)
    Servo_Write                              0x0800325f   Thumb Code    76  servo.o(i.Servo_Write)
    Set_Default_State                        0x080032ab   Thumb Code    44  arm_driver.o(i.Set_Default_State)
    SysTick_Handler                          0x080032d7   Thumb Code     4  stm32f1xx_it.o(i.SysTick_Handler)
    SystemClock_Config                       0x080032db   Thumb Code    78  main.o(i.SystemClock_Config)
    SystemInit                               0x08003329   Thumb Code     2  system_stm32f1xx.o(i.SystemInit)
    TIM_Base_SetConfig                       0x0800332d   Thumb Code    94  stm32f1xx_hal_tim.o(i.TIM_Base_SetConfig)
    TIM_CCxChannelCmd                        0x08003399   Thumb Code    26  stm32f1xx_hal_tim.o(i.TIM_CCxChannelCmd)
    TIM_ETR_SetConfig                        0x080033b3   Thumb Code    20  stm32f1xx_hal_tim.o(i.TIM_ETR_SetConfig)
    TIM_OC2_SetConfig                        0x08003429   Thumb Code    84  stm32f1xx_hal_tim.o(i.TIM_OC2_SetConfig)
    UART_Start_Receive_IT                    0x08003711   Thumb Code    54  stm32f1xx_hal_uart.o(i.UART_Start_Receive_IT)
    USART1_IRQHandler                        0x080037ad   Thumb Code     6  stm32f1xx_it.o(i.USART1_IRQHandler)
    Uart_Handle                              0x080037b9   Thumb Code   194  uart.o(i.Uart_Handle)
    Uart_Receive_Data                        0x0800388d   Thumb Code    30  uart.o(i.Uart_Receive_Data)
    UsageFault_Handler                       0x080038b5   Thumb Code     2  stm32f1xx_it.o(i.UsageFault_Handler)
    __0vsprintf                              0x080038b9   Thumb Code    30  printfa.o(i.__0vsprintf)
    __1vsprintf                              0x080038b9   Thumb Code     0  printfa.o(i.__0vsprintf)
    __2vsprintf                              0x080038b9   Thumb Code     0  printfa.o(i.__0vsprintf)
    __c89vsprintf                            0x080038b9   Thumb Code     0  printfa.o(i.__0vsprintf)
    vsprintf                                 0x080038b9   Thumb Code     0  printfa.o(i.__0vsprintf)
    __aeabi_errno_addr                       0x080038fd   Thumb Code     4  errno.o(i.__aeabi_errno_addr)
    __rt_errno_addr                          0x080038fd   Thumb Code     0  errno.o(i.__aeabi_errno_addr)
    __scatterload_copy                       0x08003905   Thumb Code    14  handlers.o(i.__scatterload_copy)
    __scatterload_null                       0x08003913   Thumb Code     2  handlers.o(i.__scatterload_null)
    __scatterload_zeroinit                   0x08003915   Thumb Code    14  handlers.o(i.__scatterload_zeroinit)
    arm_auto_by_cmd_load                     0x080041e1   Thumb Code   202  arm_auto.o(i.arm_auto_by_cmd_load)
    arm_auto_by_cmd_unload                   0x080042b9   Thumb Code   202  arm_auto.o(i.arm_auto_by_cmd_unload)
    arm_set_cmd                              0x08004391   Thumb Code   158  car_auto.o(i.arm_set_cmd)
    car_auto_state_handle                    0x08004455   Thumb Code   290  car_auto.o(i.car_auto_state_handle)
    car_auto_state_switch                    0x08004581   Thumb Code   176  car_auto.o(i.car_auto_state_switch)
    car_check_side                           0x08004659   Thumb Code   104  car_auto.o(i.car_check_side)
    car_obstacle                             0x080046c5   Thumb Code   256  car_auto.o(i.car_obstacle)
    car_remote_handle                        0x080047c9   Thumb Code     4  car_remote.o(i.car_remote_handle)
    car_state_remote_excuse                  0x080047cd   Thumb Code    74  car_remote.o(i.car_state_remote_excuse)
    control_motor                            0x08004821   Thumb Code    82  motor.o(i.control_motor)
    delay_us                                 0x08004873   Thumb Code    38  hcsr04.o(i.delay_us)
    error_calculate                          0x08004899   Thumb Code   110  ir_sensor.o(i.error_calculate)
    flash_erease                             0x08004907   Thumb Code    26  flash.o(i.flash_erease)
    flash_lock                               0x08004921   Thumb Code     4  flash.o(i.flash_lock)
    flash_read_arr                           0x08004925   Thumb Code    26  flash.o(i.flash_read_arr)
    flash_unlock                             0x0800493f   Thumb Code     4  flash.o(i.flash_unlock)
    flash_write_arr                          0x08004943   Thumb Code    40  flash.o(i.flash_write_arr)
    ir_sensor_read                           0x0800496d   Thumb Code    72  ir_sensor.o(i.ir_sensor_read)
    lcd_clear_display                        0x080049bd   Thumb Code    18  liquidcrystal_i2c.o(i.lcd_clear_display)
    lcd_init                                 0x080049cf   Thumb Code   102  liquidcrystal_i2c.o(i.lcd_init)
    lcd_printf                               0x08004a35   Thumb Code    58  liquidcrystal_i2c.o(i.lcd_printf)
    lcd_putchar                              0x08004a6f   Thumb Code     4  liquidcrystal_i2c.o(i.lcd_putchar)
    lcd_set_cursor                           0x08004afd   Thumb Code    26  liquidcrystal_i2c.o(i.lcd_set_cursor)
    lcd_set_cursor_blink_off                 0x08004b1d   Thumb Code    16  liquidcrystal_i2c.o(i.lcd_set_cursor_blink_off)
    lcd_set_cursor_blink_on                  0x08004b2d   Thumb Code    16  liquidcrystal_i2c.o(i.lcd_set_cursor_blink_on)
    lcd_set_cursor_off                       0x08004b3d   Thumb Code    16  liquidcrystal_i2c.o(i.lcd_set_cursor_off)
    lcd_set_cursor_on                        0x08004b4d   Thumb Code    16  liquidcrystal_i2c.o(i.lcd_set_cursor_on)
    main                                     0x08004b5d   Thumb Code   248  main.o(i.main)
    miss_way_value                           0x08004c75   Thumb Code    42  car_auto.o(i.miss_way_value)
    motor_init                               0x08004ca5   Thumb Code    28  motor.o(i.motor_init)
    remote_set_state                         0x08004cc1   Thumb Code   152  main.o(i.remote_set_state)
    set_car_params_remote                    0x08004d85   Thumb Code   220  car_remote.o(i.set_car_params_remote)
    key_code                                 0x08004e64   Data          16  keypad.o(.constdata)
    AHBPrescTable                            0x08004e74   Data          16  system_stm32f1xx.o(.constdata)
    APBPrescTable                            0x08004e84   Data           8  system_stm32f1xx.o(.constdata)
    __ctype_table                            0x08004e8c   Data         129  ctype_o.o(.constdata)
    Region$$Table$$Base                      0x08004f14   Number         0  anon$$obj.o(Region$$Table)
    Region$$Table$$Limit                     0x08004f34   Number         0  anon$$obj.o(Region$$Table)
    buff_id                                  0x20000040   Data           1  uart.o(.data)
    rx_cpl_flag                              0x20000041   Data           1  uart.o(.data)
    remote_state                             0x20000042   Data           1  car_remote.o(.data)
    flag_arm                                 0x20000043   Data           1  car_remote.o(.data)
    car_state                                0x20000044   Data           1  car_remote.o(.data)
    SPEED                                    0x20000045   Data           1  car_remote.o(.data)
    arm_step                                 0x20000046   Data           4  car_remote.o(.data)
    follow_line_state                        0x2000004f   Data           1  car_auto.o(.data)
    arm_duty_compl                           0x20000050   Data           1  car_auto.o(.data)
    flag_angle                               0x20000051   Data           1  car_auto.o(.data)
    distan_check_cpl                         0x20000052   Data           1  car_auto.o(.data)
    obstancle_state                          0x20000053   Data           1  car_auto.o(.data)
    arm_robot_state                          0x20000054   Data           1  car_auto.o(.data)
    arm_duty_state                           0x20000055   Data           1  car_auto.o(.data)
    miss_way                                 0x20000056   Data           1  car_auto.o(.data)
    servo_angle                              0x2000005a   Data           2  car_auto.o(.data)
    count_delay                              0x2000005c   Data           2  car_auto.o(.data)
    search_count                             0x2000005e   Data           2  car_auto.o(.data)
    search_time                              0x20000060   Data           4  car_auto.o(.data)
    right_distance                           0x20000064   Data           4  car_auto.o(.data)
    left_distance                            0x20000068   Data           4  car_auto.o(.data)
    time_real                                0x2000006c   Data           4  car_auto.o(.data)
    time_delay                               0x20000070   Data           4  car_auto.o(.data)
    distan_in_front_of                       0x20000074   Data           4  car_auto.o(.data)
    position_id                              0x20000078   Data           1  arm_auto.o(.data)
    default_id                               0x20000079   Data           1  arm_auto.o(.data)
    i                                        0x2000007a   Data           1  arm_auto.o(.data)
    flash_pos_id_load                        0x2000007b   Data           1  arm_auto.o(.data)
    flash_pos_id_unload                      0x2000007c   Data           1  arm_auto.o(.data)
    cur_time                                 0x20000080   Data           4  arm_auto.o(.data)
    arm_default_cmd                          0x20000084   Data          20  arm_auto.o(.data)
    robot_state                              0x20000098   Data           1  main.o(.data)
    keypad_state                             0x20000099   Data           1  main.o(.data)
    count_error                              0x2000009a   Data           1  main.o(.data)
    keypad_flag                              0x2000009b   Data           1  main.o(.data)
    rx_data                                  0x2000009c   Data           1  main.o(.data)
    id_button                                0x2000009d   Data           1  main.o(.data)
    circle_number                            0x2000009e   Data           1  main.o(.data)
    lock_start_time                          0x200000a0   Data           2  main.o(.data)
    buff_button                              0x200000a2   Data           3  main.o(.data)
    hcsr04_time                              0x200000ac   Data           4  main.o(.data)
    default_pass                             0x200000b0   Data           8  main.o(.data)
    uwTickFreq                               0x200000b8   Data           1  stm32f1xx_hal.o(.data)
    uwTickPrio                               0x200000bc   Data           4  stm32f1xx_hal.o(.data)
    uwTick                                   0x200000c0   Data           4  stm32f1xx_hal.o(.data)
    SystemCoreClock                          0x200000c4   Data           4  system_stm32f1xx.o(.data)
    buff_data                                0x200000d0   Data          30  uart.o(.bss)
    motor_left                               0x200000f0   Data          16  car_driver.o(.bss)
    motor_right                              0x20000100   Data          16  car_driver.o(.bss)
    buff_location                            0x20000110   Data          80  arm_auto.o(.bss)
    flash_location_load                      0x20000160   Data          80  arm_auto.o(.bss)
    flash_location_unload                    0x200001b0   Data          80  arm_auto.o(.bss)
    hi2c2                                    0x20000200   Data          84  main.o(.bss)
    htim1                                    0x20000254   Data          72  main.o(.bss)
    htim2                                    0x2000029c   Data          72  main.o(.bss)
    htim3                                    0x200002e4   Data          72  main.o(.bss)
    htim4                                    0x2000032c   Data          72  main.o(.bss)
    huart1                                   0x20000374   Data          68  main.o(.bss)
    hlcd1                                    0x200003b8   Data          12  main.o(.bss)
    arm_robot                                0x200003c4   Data          48  main.o(.bss)
    hc_sr04                                  0x200003f4   Data          24  main.o(.bss)
    servo_hcsr04                             0x2000040c   Data          12  main.o(.bss)
    password                                 0x20000418   Data           9  main.o(.bss)
    pFlash                                   0x20000428   Data          32  stm32f1xx_hal_flash.o(.bss)
    __initial_sp                             0x20000848   Data           0  startup_stm32f103xb.o(STACK)



==============================================================================

Memory Map of the image

  Image Entry point : 0x080000ed

  Load Region LR_IROM1 (Base: 0x08000000, Size: 0x00005004, Max: 0x00010000, ABSOLUTE)

    Execution Region ER_IROM1 (Exec base: 0x08000000, Load base: 0x08000000, Size: 0x00004f34, Max: 0x00010000, ABSOLUTE)

    Exec Addr    Load Addr    Size         Type   Attr      Idx    E Section Name        Object

    0x08000000   0x08000000   0x000000ec   Data   RO            3    RESET               startup_stm32f103xb.o
    0x080000ec   0x080000ec   0x00000000   Code   RO         3948  * .ARM.Collect$$$$00000000  mc_w.l(entry.o)
    0x080000ec   0x080000ec   0x00000004   Code   RO         4007    .ARM.Collect$$$$00000001  mc_w.l(entry2.o)
    0x080000f0   0x080000f0   0x00000004   Code   RO         4010    .ARM.Collect$$$$00000004  mc_w.l(entry5.o)
    0x080000f4   0x080000f4   0x00000000   Code   RO         4012    .ARM.Collect$$$$00000008  mc_w.l(entry7b.o)
    0x080000f4   0x080000f4   0x00000000   Code   RO         4014    .ARM.Collect$$$$0000000A  mc_w.l(entry8b.o)
    0x080000f4   0x080000f4   0x00000008   Code   RO         4015    .ARM.Collect$$$$0000000B  mc_w.l(entry9a.o)
    0x080000fc   0x080000fc   0x00000000   Code   RO         4017    .ARM.Collect$$$$0000000D  mc_w.l(entry10a.o)
    0x080000fc   0x080000fc   0x00000000   Code   RO         4019    .ARM.Collect$$$$0000000F  mc_w.l(entry11a.o)
    0x080000fc   0x080000fc   0x00000004   Code   RO         4008    .ARM.Collect$$$$00002712  mc_w.l(entry2.o)
    0x08000100   0x08000100   0x00000024   Code   RO            4    .text               startup_stm32f103xb.o
    0x08000124   0x08000124   0x00000020   Code   RO         3951    .text               mc_w.l(llushr.o)
    0x08000144   0x08000144   0x00000024   Code   RO         3953    .text               mc_w.l(memseta.o)
    0x08000168   0x08000168   0x0000000e   Code   RO         3955    .text               mc_w.l(strlen.o)
    0x08000176   0x08000176   0x0000001e   Code   RO         3957    .text               mc_w.l(strncmp.o)
    0x08000194   0x08000194   0x00000044   Code   RO         3959    .text               mc_w.l(strtok.o)
    0x080001d8   0x080001d8   0x0000001a   Code   RO         3993    .text               mc_w.l(atoi.o)
    0x080001f2   0x080001f2   0x000000e4   Code   RO         3995    .text               mf_w.l(dmul.o)
    0x080002d6   0x080002d6   0x0000001a   Code   RO         3997    .text               mf_w.l(dfltui.o)
    0x080002f0   0x080002f0   0x00000026   Code   RO         3999    .text               mf_w.l(f2d.o)
    0x08000316   0x08000316   0x00000038   Code   RO         4001    .text               mf_w.l(d2f.o)
    0x0800034e   0x0800034e   0x00000002   PAD
    0x08000350   0x08000350   0x00000014   Code   RO         4003    .text               mf_w.l(cfcmple.o)
    0x08000364   0x08000364   0x00000014   Code   RO         4005    .text               mf_w.l(cfrcmple.o)
    0x08000378   0x08000378   0x0000002c   Code   RO         4024    .text               mc_w.l(uidiv.o)
    0x080003a4   0x080003a4   0x00000062   Code   RO         4026    .text               mc_w.l(uldiv.o)
    0x08000406   0x08000406   0x00000070   Code   RO         4035    .text               mc_w.l(strtol.o)
    0x08000476   0x08000476   0x00000000   Code   RO         4037    .text               mc_w.l(iusefp.o)
    0x08000476   0x08000476   0x0000006e   Code   RO         4038    .text               mf_w.l(fepilogue.o)
    0x080004e4   0x080004e4   0x000000ba   Code   RO         4040    .text               mf_w.l(depilogue.o)
    0x0800059e   0x0800059e   0x0000014e   Code   RO         4042    .text               mf_w.l(dadd.o)
    0x080006ec   0x080006ec   0x000000de   Code   RO         4044    .text               mf_w.l(ddiv.o)
    0x080007ca   0x080007ca   0x00000030   Code   RO         4046    .text               mf_w.l(dfixul.o)
    0x080007fa   0x080007fa   0x00000002   PAD
    0x080007fc   0x080007fc   0x00000030   Code   RO         4048    .text               mf_w.l(cdrcmple.o)
    0x0800082c   0x0800082c   0x00000024   Code   RO         4050    .text               mc_w.l(init.o)
    0x08000850   0x08000850   0x0000001e   Code   RO         4053    .text               mc_w.l(llshl.o)
    0x0800086e   0x0800086e   0x00000024   Code   RO         4055    .text               mc_w.l(llsshr.o)
    0x08000892   0x08000892   0x00000002   PAD
    0x08000894   0x08000894   0x00000008   Code   RO         4057    .text               mc_w.l(ctype_o.o)
    0x0800089c   0x0800089c   0x0000009e   Code   RO         4085    .text               mc_w.l(_strtoul.o)
    0x0800093a   0x0800093a   0x0000001c   Code   RO         4088    .text               mc_w.l(_chval.o)
    0x08000956   0x08000956   0x0000005c   Code   RO          599    i.Arm_Control_by_Step  arm_driver.o
    0x080009b2   0x080009b2   0x0000003a   Code   RO          600    i.Arm_Robot_Init    arm_driver.o
    0x080009ec   0x080009ec   0x00000002   Code   RO          986    i.BusFault_Handler  stm32f1xx_it.o
    0x080009ee   0x080009ee   0x00000002   PAD
    0x080009f0   0x080009f0   0x0000009c   Code   RO          560    i.Car_Control       car_driver.o
    0x08000a8c   0x08000a8c   0x0000003c   Code   RO          561    i.Car_Control_Wheels  car_driver.o
    0x08000ac8   0x08000ac8   0x0000003c   Code   RO          562    i.Car_Init          car_driver.o
    0x08000b04   0x08000b04   0x00000002   Code   RO          987    i.DebugMon_Handler  stm32f1xx_it.o
    0x08000b06   0x08000b06   0x00000008   Code   RO          988    i.EXTI15_10_IRQHandler  stm32f1xx_it.o
    0x08000b0e   0x08000b0e   0x00000050   Code   RO          736    i.EXTI_HCSR04_Callback  hcsr04.o
    0x08000b5e   0x08000b5e   0x00000002   PAD
    0x08000b60   0x08000b60   0x00000024   Code   RO         2426    i.FLASH_MassErase   stm32f1xx_hal_flash_ex.o
    0x08000b84   0x08000b84   0x00000024   Code   RO         2431    i.FLASH_PageErase   stm32f1xx_hal_flash_ex.o
    0x08000ba8   0x08000ba8   0x0000001c   Code   RO         2323    i.FLASH_Program_HalfWord  stm32f1xx_hal_flash.o
    0x08000bc4   0x08000bc4   0x0000005c   Code   RO         2324    i.FLASH_SetErrorCode  stm32f1xx_hal_flash.o
    0x08000c20   0x08000c20   0x00000054   Code   RO         2325    i.FLASH_WaitForLastOperation  stm32f1xx_hal_flash.o
    0x08000c74   0x08000c74   0x00000040   Code   RO          793    i.Flash_Read_Position_Load  arm_auto.o
    0x08000cb4   0x08000cb4   0x00000040   Code   RO          794    i.Flash_Read_Position_Unload  arm_auto.o
    0x08000cf4   0x08000cf4   0x00000048   Code   RO          795    i.Flash_Save_Position_Load  arm_auto.o
    0x08000d3c   0x08000d3c   0x00000048   Code   RO          796    i.Flash_Save_Position_Unload  arm_auto.o
    0x08000d84   0x08000d84   0x00000046   Code   RO         1987    i.HAL_DMA_Abort     stm32f1xx_hal_dma.o
    0x08000dca   0x08000dca   0x00000002   PAD
    0x08000dcc   0x08000dcc   0x00000098   Code   RO         1988    i.HAL_DMA_Abort_IT  stm32f1xx_hal_dma.o
    0x08000e64   0x08000e64   0x00000024   Code   RO         1615    i.HAL_Delay         stm32f1xx_hal.o
    0x08000e88   0x08000e88   0x000000a8   Code   RO         2432    i.HAL_FLASHEx_Erase  stm32f1xx_hal_flash_ex.o
    0x08000f30   0x08000f30   0x00000014   Code   RO         2329    i.HAL_FLASH_Lock    stm32f1xx_hal_flash.o
    0x08000f44   0x08000f44   0x00000080   Code   RO         2334    i.HAL_FLASH_Program  stm32f1xx_hal_flash.o
    0x08000fc4   0x08000fc4   0x00000028   Code   RO         2336    i.HAL_FLASH_Unlock  stm32f1xx_hal_flash.o
    0x08000fec   0x08000fec   0x00000014   Code   RO          874    i.HAL_GPIO_EXTI_Callback  main.o
    0x08001000   0x08001000   0x00000018   Code   RO         1922    i.HAL_GPIO_EXTI_IRQHandler  stm32f1xx_hal_gpio.o
    0x08001018   0x08001018   0x000001e0   Code   RO         1923    i.HAL_GPIO_Init     stm32f1xx_hal_gpio.o
    0x080011f8   0x080011f8   0x0000000a   Code   RO         1925    i.HAL_GPIO_ReadPin  stm32f1xx_hal_gpio.o
    0x08001202   0x08001202   0x00000010   Code   RO         1926    i.HAL_GPIO_TogglePin  stm32f1xx_hal_gpio.o
    0x08001212   0x08001212   0x0000000a   Code   RO         1927    i.HAL_GPIO_WritePin  stm32f1xx_hal_gpio.o
    0x0800121c   0x0800121c   0x0000000c   Code   RO         1619    i.HAL_GetTick       stm32f1xx_hal.o
    0x08001228   0x08001228   0x00000188   Code   RO         1187    i.HAL_I2C_Init      stm32f1xx_hal_i2c.o
    0x080013b0   0x080013b0   0x0000012c   Code   RO         1200    i.HAL_I2C_Master_Transmit  stm32f1xx_hal_i2c.o
    0x080014dc   0x080014dc   0x00000060   Code   RO         1075    i.HAL_I2C_MspInit   stm32f1xx_hal_msp.o
    0x0800153c   0x0800153c   0x00000010   Code   RO         1625    i.HAL_IncTick       stm32f1xx_hal.o
    0x0800154c   0x0800154c   0x00000024   Code   RO         1626    i.HAL_Init          stm32f1xx_hal.o
    0x08001570   0x08001570   0x00000040   Code   RO         1627    i.HAL_InitTick      stm32f1xx_hal.o
    0x080015b0   0x080015b0   0x0000003c   Code   RO         1076    i.HAL_MspInit       stm32f1xx_hal_msp.o
    0x080015ec   0x080015ec   0x0000001a   Code   RO         2083    i.HAL_NVIC_EnableIRQ  stm32f1xx_hal_cortex.o
    0x08001606   0x08001606   0x00000002   PAD
    0x08001608   0x08001608   0x00000040   Code   RO         2089    i.HAL_NVIC_SetPriority  stm32f1xx_hal_cortex.o
    0x08001648   0x08001648   0x00000024   Code   RO         2090    i.HAL_NVIC_SetPriorityGrouping  stm32f1xx_hal_cortex.o
    0x0800166c   0x0800166c   0x0000012c   Code   RO         1783    i.HAL_RCC_ClockConfig  stm32f1xx_hal_rcc.o
    0x08001798   0x08001798   0x00000020   Code   RO         1790    i.HAL_RCC_GetPCLK1Freq  stm32f1xx_hal_rcc.o
    0x080017b8   0x080017b8   0x00000020   Code   RO         1791    i.HAL_RCC_GetPCLK2Freq  stm32f1xx_hal_rcc.o
    0x080017d8   0x080017d8   0x0000006c   Code   RO         1792    i.HAL_RCC_GetSysClockFreq  stm32f1xx_hal_rcc.o
    0x08001844   0x08001844   0x00000320   Code   RO         1795    i.HAL_RCC_OscConfig  stm32f1xx_hal_rcc.o
    0x08001b64   0x08001b64   0x00000028   Code   RO         2094    i.HAL_SYSTICK_Config  stm32f1xx_hal_cortex.o
    0x08001b8c   0x08001b8c   0x00000054   Code   RO         3292    i.HAL_TIMEx_ConfigBreakDeadTime  stm32f1xx_hal_tim_ex.o
    0x08001be0   0x08001be0   0x00000068   Code   RO         3308    i.HAL_TIMEx_MasterConfigSynchronization  stm32f1xx_hal_tim_ex.o
    0x08001c48   0x08001c48   0x0000005a   Code   RO         2585    i.HAL_TIM_Base_Init  stm32f1xx_hal_tim.o
    0x08001ca2   0x08001ca2   0x00000002   PAD
    0x08001ca4   0x08001ca4   0x00000070   Code   RO         1078    i.HAL_TIM_Base_MspInit  stm32f1xx_hal_msp.o
    0x08001d14   0x08001d14   0x00000050   Code   RO         2588    i.HAL_TIM_Base_Start  stm32f1xx_hal_tim.o
    0x08001d64   0x08001d64   0x00000026   Code   RO         2591    i.HAL_TIM_Base_Stop  stm32f1xx_hal_tim.o
    0x08001d8a   0x08001d8a   0x000000d6   Code   RO         2594    i.HAL_TIM_ConfigClockSource  stm32f1xx_hal_tim.o
    0x08001e60   0x08001e60   0x000000b8   Code   RO         1079    i.HAL_TIM_MspPostInit  stm32f1xx_hal_msp.o
    0x08001f18   0x08001f18   0x000000c6   Code   RO         2657    i.HAL_TIM_PWM_ConfigChannel  stm32f1xx_hal_tim.o
    0x08001fde   0x08001fde   0x0000005a   Code   RO         2660    i.HAL_TIM_PWM_Init  stm32f1xx_hal_tim.o
    0x08002038   0x08002038   0x00000002   Code   RO         2662    i.HAL_TIM_PWM_MspInit  stm32f1xx_hal_tim.o
    0x0800203a   0x0800203a   0x00000002   PAD
    0x0800203c   0x0800203c   0x0000009c   Code   RO         2665    i.HAL_TIM_PWM_Start  stm32f1xx_hal_tim.o
    0x080020d8   0x080020d8   0x00000002   Code   RO         3567    i.HAL_UARTEx_RxEventCallback  stm32f1xx_hal_uart.o
    0x080020da   0x080020da   0x00000002   Code   RO         3581    i.HAL_UART_ErrorCallback  stm32f1xx_hal_uart.o
    0x080020dc   0x080020dc   0x0000020c   Code   RO         3584    i.HAL_UART_IRQHandler  stm32f1xx_hal_uart.o
    0x080022e8   0x080022e8   0x00000062   Code   RO         3585    i.HAL_UART_Init     stm32f1xx_hal_uart.o
    0x0800234a   0x0800234a   0x00000002   PAD
    0x0800234c   0x0800234c   0x00000090   Code   RO         1081    i.HAL_UART_MspInit  stm32f1xx_hal_msp.o
    0x080023dc   0x080023dc   0x0000002a   Code   RO         3590    i.HAL_UART_Receive_IT  stm32f1xx_hal_uart.o
    0x08002406   0x08002406   0x00000002   PAD
    0x08002408   0x08002408   0x00000050   Code   RO          875    i.HAL_UART_RxCpltCallback  main.o
    0x08002458   0x08002458   0x000000b2   Code   RO         3593    i.HAL_UART_Transmit  stm32f1xx_hal_uart.o
    0x0800250a   0x0800250a   0x00000002   Code   RO         3596    i.HAL_UART_TxCpltCallback  stm32f1xx_hal_uart.o
    0x0800250c   0x0800250c   0x00000070   Code   RO          876    i.HCSR04_Complete_Callback  main.o
    0x0800257c   0x0800257c   0x00000038   Code   RO          738    i.HCSR04_Handle     hcsr04.o
    0x080025b4   0x080025b4   0x00000018   Code   RO          739    i.HCSR04_Init       hcsr04.o
    0x080025cc   0x080025cc   0x0000002c   Code   RO          740    i.HCSR04_Start      hcsr04.o
    0x080025f8   0x080025f8   0x00000002   Code   RO          989    i.HardFault_Handler  stm32f1xx_it.o
    0x080025fa   0x080025fa   0x0000002e   Code   RO         1229    i.I2C_IsAcknowledgeFailed  stm32f1xx_hal_i2c.o
    0x08002628   0x08002628   0x0000009c   Code   RO         1233    i.I2C_MasterRequestWrite  stm32f1xx_hal_i2c.o
    0x080026c4   0x080026c4   0x0000004c   Code   RO         1244    i.I2C_WaitOnBTFFlagUntilTimeout  stm32f1xx_hal_i2c.o
    0x08002710   0x08002710   0x00000068   Code   RO         1245    i.I2C_WaitOnFlagUntilTimeout  stm32f1xx_hal_i2c.o
    0x08002778   0x08002778   0x00000096   Code   RO         1246    i.I2C_WaitOnMasterAddressFlagUntilTimeout  stm32f1xx_hal_i2c.o
    0x0800280e   0x0800280e   0x0000004c   Code   RO         1248    i.I2C_WaitOnTXEFlagUntilTimeout  stm32f1xx_hal_i2c.o
    0x0800285a   0x0800285a   0x00000002   Code   RO           13    i.KeypadPressedShortCallback  keypad.o
    0x0800285c   0x0800285c   0x000002e0   Code   RO          877    i.KeypadPressingCallback  main.o
    0x08002b3c   0x08002b3c   0x000000a0   Code   RO          878    i.KeypadPressingTimeoutCallback  main.o
    0x08002bdc   0x08002bdc   0x00000002   Code   RO           16    i.KeypadReleaseCallback  keypad.o
    0x08002bde   0x08002bde   0x00000002   PAD
    0x08002be0   0x08002be0   0x0000007c   Code   RO           17    i.Keypad_GetKey     keypad.o
    0x08002c5c   0x08002c5c   0x00000090   Code   RO           18    i.Keypad_Handle     keypad.o
    0x08002cec   0x08002cec   0x00000178   Code   RO          879    i.Keypad_State_Handle  main.o
    0x08002e64   0x08002e64   0x00000128   Code   RO          880    i.MX_GPIO_Init      main.o
    0x08002f8c   0x08002f8c   0x000000b0   Code   RO          881    i.MX_TIM1_Init      main.o
    0x0800303c   0x0800303c   0x00000050   Code   RO          882    i.MX_TIM2_Init      main.o
    0x0800308c   0x0800308c   0x00000098   Code   RO          883    i.MX_TIM3_Init      main.o
    0x08003124   0x08003124   0x00000084   Code   RO          884    i.MX_TIM4_Init      main.o
    0x080031a8   0x080031a8   0x00000014   Code   RO          494    i.Map               servo.o
    0x080031bc   0x080031bc   0x00000002   Code   RO          990    i.MemManage_Handler  stm32f1xx_it.o
    0x080031be   0x080031be   0x00000002   PAD
    0x080031c0   0x080031c0   0x00000030   Code   RO          797    i.Memorization_Position  arm_auto.o
    0x080031f0   0x080031f0   0x00000002   Code   RO          991    i.NMI_Handler       stm32f1xx_it.o
    0x080031f2   0x080031f2   0x00000002   PAD
    0x080031f4   0x080031f4   0x00000024   Code   RO          668    i.PID_value_calculate  car_auto.o
    0x08003218   0x08003218   0x0000002c   Code   RO          536    i.PWM_set_duty      pwm.o
    0x08003244   0x08003244   0x00000002   Code   RO          992    i.PendSV_Handler    stm32f1xx_it.o
    0x08003246   0x08003246   0x00000002   Code   RO          993    i.SVC_Handler       stm32f1xx_it.o
    0x08003248   0x08003248   0x00000012   Code   RO          495    i.Servo_Init        servo.o
    0x0800325a   0x0800325a   0x00000004   Code   RO          496    i.Servo_Read        servo.o
    0x0800325e   0x0800325e   0x0000004c   Code   RO          497    i.Servo_Write       servo.o
    0x080032aa   0x080032aa   0x0000002c   Code   RO          601    i.Set_Default_State  arm_driver.o
    0x080032d6   0x080032d6   0x00000004   Code   RO          994    i.SysTick_Handler   stm32f1xx_it.o
    0x080032da   0x080032da   0x0000004e   Code   RO          885    i.SystemClock_Config  main.o
    0x08003328   0x08003328   0x00000002   Code   RO         3914    i.SystemInit        system_stm32f1xx.o
    0x0800332a   0x0800332a   0x00000002   PAD
    0x0800332c   0x0800332c   0x0000006c   Code   RO         2678    i.TIM_Base_SetConfig  stm32f1xx_hal_tim.o
    0x08003398   0x08003398   0x0000001a   Code   RO         2679    i.TIM_CCxChannelCmd  stm32f1xx_hal_tim.o
    0x080033b2   0x080033b2   0x00000014   Code   RO         2689    i.TIM_ETR_SetConfig  stm32f1xx_hal_tim.o
    0x080033c6   0x080033c6   0x00000010   Code   RO         2690    i.TIM_ITRx_SetConfig  stm32f1xx_hal_tim.o
    0x080033d6   0x080033d6   0x00000002   PAD
    0x080033d8   0x080033d8   0x00000050   Code   RO         2691    i.TIM_OC1_SetConfig  stm32f1xx_hal_tim.o
    0x08003428   0x08003428   0x00000058   Code   RO         2692    i.TIM_OC2_SetConfig  stm32f1xx_hal_tim.o
    0x08003480   0x08003480   0x00000058   Code   RO         2693    i.TIM_OC3_SetConfig  stm32f1xx_hal_tim.o
    0x080034d8   0x080034d8   0x00000044   Code   RO         2694    i.TIM_OC4_SetConfig  stm32f1xx_hal_tim.o
    0x0800351c   0x0800351c   0x00000022   Code   RO         2696    i.TIM_TI1_ConfigInputStage  stm32f1xx_hal_tim.o
    0x0800353e   0x0800353e   0x00000024   Code   RO         2698    i.TIM_TI2_ConfigInputStage  stm32f1xx_hal_tim.o
    0x08003562   0x08003562   0x00000010   Code   RO         3598    i.UART_DMAAbortOnError  stm32f1xx_hal_uart.o
    0x08003572   0x08003572   0x00000030   Code   RO         3608    i.UART_EndRxTransfer  stm32f1xx_hal_uart.o
    0x080035a2   0x080035a2   0x000000b6   Code   RO         3610    i.UART_Receive_IT   stm32f1xx_hal_uart.o
    0x08003658   0x08003658   0x000000b8   Code   RO         3611    i.UART_SetConfig    stm32f1xx_hal_uart.o
    0x08003710   0x08003710   0x00000036   Code   RO         3613    i.UART_Start_Receive_IT  stm32f1xx_hal_uart.o
    0x08003746   0x08003746   0x00000064   Code   RO         3614    i.UART_WaitOnFlagUntilTimeout  stm32f1xx_hal_uart.o
    0x080037aa   0x080037aa   0x00000002   PAD
    0x080037ac   0x080037ac   0x0000000c   Code   RO          995    i.USART1_IRQHandler  stm32f1xx_it.o
    0x080037b8   0x080037b8   0x000000d4   Code   RO          353    i.Uart_Handle       uart.o
    0x0800388c   0x0800388c   0x00000028   Code   RO          354    i.Uart_Receive_Data  uart.o
    0x080038b4   0x080038b4   0x00000002   Code   RO          996    i.UsageFault_Handler  stm32f1xx_it.o
    0x080038b6   0x080038b6   0x00000002   PAD
    0x080038b8   0x080038b8   0x00000024   Code   RO         3972    i.__0vsprintf       mc_w.l(printfa.o)
    0x080038dc   0x080038dc   0x00000020   Code   RO         2096    i.__NVIC_SetPriority  stm32f1xx_hal_cortex.o
    0x080038fc   0x080038fc   0x00000008   Code   RO         4028    i.__aeabi_errno_addr  mc_w.l(errno.o)
    0x08003904   0x08003904   0x0000000e   Code   RO         4092    i.__scatterload_copy  mc_w.l(handlers.o)
    0x08003912   0x08003912   0x00000002   Code   RO         4093    i.__scatterload_null  mc_w.l(handlers.o)
    0x08003914   0x08003914   0x0000000e   Code   RO         4094    i.__scatterload_zeroinit  mc_w.l(handlers.o)
    0x08003922   0x08003922   0x00000002   PAD
    0x08003924   0x08003924   0x00000184   Code   RO         3973    i._fp_digits        mc_w.l(printfa.o)
    0x08003aa8   0x08003aa8   0x000006dc   Code   RO         3974    i._printf_core      mc_w.l(printfa.o)
    0x08004184   0x08004184   0x00000024   Code   RO         3975    i._printf_post_padding  mc_w.l(printfa.o)
    0x080041a8   0x080041a8   0x0000002e   Code   RO         3976    i._printf_pre_padding  mc_w.l(printfa.o)
    0x080041d6   0x080041d6   0x0000000a   Code   RO         3978    i._sputc            mc_w.l(printfa.o)
    0x080041e0   0x080041e0   0x000000d8   Code   RO          798    i.arm_auto_by_cmd_load  arm_auto.o
    0x080042b8   0x080042b8   0x000000d8   Code   RO          799    i.arm_auto_by_cmd_unload  arm_auto.o
    0x08004390   0x08004390   0x000000c4   Code   RO          669    i.arm_set_cmd       car_auto.o
    0x08004454   0x08004454   0x0000012c   Code   RO          670    i.car_auto_state_handle  car_auto.o
    0x08004580   0x08004580   0x000000d8   Code   RO          671    i.car_auto_state_switch  car_auto.o
    0x08004658   0x08004658   0x0000006c   Code   RO          672    i.car_check_side    car_auto.o
    0x080046c4   0x080046c4   0x00000104   Code   RO          673    i.car_obstacle      car_auto.o
    0x080047c8   0x080047c8   0x00000004   Code   RO          412    i.car_remote_handle  car_remote.o
    0x080047cc   0x080047cc   0x00000054   Code   RO          413    i.car_state_remote_excuse  car_remote.o
    0x08004820   0x08004820   0x00000052   Code   RO          458    i.control_motor     motor.o
    0x08004872   0x08004872   0x00000026   Code   RO          741    i.delay_us          hcsr04.o
    0x08004898   0x08004898   0x0000006e   Code   RO          635    i.error_calculate   ir_sensor.o
    0x08004906   0x08004906   0x0000001a   Code   RO          302    i.flash_erease      flash.o
    0x08004920   0x08004920   0x00000004   Code   RO          303    i.flash_lock        flash.o
    0x08004924   0x08004924   0x0000001a   Code   RO          304    i.flash_read_arr    flash.o
    0x0800493e   0x0800493e   0x00000004   Code   RO          305    i.flash_unlock      flash.o
    0x08004942   0x08004942   0x00000028   Code   RO          306    i.flash_write_arr   flash.o
    0x0800496a   0x0800496a   0x00000002   PAD
    0x0800496c   0x0800496c   0x00000050   Code   RO          636    i.ir_sensor_read    ir_sensor.o
    0x080049bc   0x080049bc   0x00000012   Code   RO          170    i.lcd_clear_display  liquidcrystal_i2c.o
    0x080049ce   0x080049ce   0x00000066   Code   RO          174    i.lcd_init          liquidcrystal_i2c.o
    0x08004a34   0x08004a34   0x0000003a   Code   RO          175    i.lcd_printf        liquidcrystal_i2c.o
    0x08004a6e   0x08004a6e   0x00000004   Code   RO          176    i.lcd_putchar       liquidcrystal_i2c.o
    0x08004a72   0x08004a72   0x00000040   Code   RO          177    i.lcd_send_cmd      liquidcrystal_i2c.o
    0x08004ab2   0x08004ab2   0x00000048   Code   RO          178    i.lcd_send_data     liquidcrystal_i2c.o
    0x08004afa   0x08004afa   0x00000002   PAD
    0x08004afc   0x08004afc   0x00000020   Code   RO          179    i.lcd_set_cursor    liquidcrystal_i2c.o
    0x08004b1c   0x08004b1c   0x00000010   Code   RO          180    i.lcd_set_cursor_blink_off  liquidcrystal_i2c.o
    0x08004b2c   0x08004b2c   0x00000010   Code   RO          181    i.lcd_set_cursor_blink_on  liquidcrystal_i2c.o
    0x08004b3c   0x08004b3c   0x00000010   Code   RO          182    i.lcd_set_cursor_off  liquidcrystal_i2c.o
    0x08004b4c   0x08004b4c   0x00000010   Code   RO          183    i.lcd_set_cursor_on  liquidcrystal_i2c.o
    0x08004b5c   0x08004b5c   0x00000118   Code   RO          886    i.main              main.o
    0x08004c74   0x08004c74   0x00000030   Code   RO          674    i.miss_way_value    car_auto.o
    0x08004ca4   0x08004ca4   0x0000001c   Code   RO          459    i.motor_init        motor.o
    0x08004cc0   0x08004cc0   0x000000c4   Code   RO          887    i.remote_set_state  main.o
    0x08004d84   0x08004d84   0x000000e0   Code   RO          414    i.set_car_params_remote  car_remote.o
    0x08004e64   0x08004e64   0x00000010   Data   RO           20    .constdata          keypad.o
    0x08004e74   0x08004e74   0x00000010   Data   RO         3915    .constdata          system_stm32f1xx.o
    0x08004e84   0x08004e84   0x00000008   Data   RO         3916    .constdata          system_stm32f1xx.o
    0x08004e8c   0x08004e8c   0x00000081   Data   RO         4058    .constdata          mc_w.l(ctype_o.o)
    0x08004f0d   0x08004f0d   0x00000003   PAD
    0x08004f10   0x08004f10   0x00000004   Data   RO         4059    .constdata          mc_w.l(ctype_o.o)
    0x08004f14   0x08004f14   0x00000020   Data   RO         4090    Region$$Table       anon$$obj.o


    Execution Region RW_IRAM1 (Exec base: 0x20000000, Load base: 0x08004f34, Size: 0x00000848, Max: 0x00005000, ABSOLUTE)

    Exec Addr    Load Addr    Size         Type   Attr      Idx    E Section Name        Object

    0x20000000   0x08004f34   0x00000040   Data   RW           21    .data               keypad.o
    0x20000040   0x08004f74   0x00000002   Data   RW          356    .data               uart.o
    0x20000042   0x08004f76   0x00000008   Data   RW          415    .data               car_remote.o
    0x2000004a   0x08004f7e   0x00000002   PAD
    0x2000004c   0x08004f80   0x0000002c   Data   RW          675    .data               car_auto.o
    0x20000078   0x08004fac   0x00000020   Data   RW          802    .data               arm_auto.o
    0x20000098   0x08004fcc   0x00000020   Data   RW          889    .data               main.o
    0x200000b8   0x08004fec   0x0000000c   Data   RW         1633    .data               stm32f1xx_hal.o
    0x200000c4   0x08004ff8   0x00000004   Data   RW         3917    .data               system_stm32f1xx.o
    0x200000c8   0x08004ffc   0x00000004   Data   RW         3960    .data               mc_w.l(strtok.o)
    0x200000cc   0x08005000   0x00000004   Data   RW         4031    .data               mc_w.l(errno.o)
    0x200000d0        -       0x0000001e   Zero   RW          355    .bss                uart.o
    0x200000ee   0x08005004   0x00000002   PAD
    0x200000f0        -       0x00000020   Zero   RW          563    .bss                car_driver.o
    0x20000110        -       0x000000f0   Zero   RW          801    .bss                arm_auto.o
    0x20000200        -       0x00000221   Zero   RW          888    .bss                main.o
    0x20000421   0x08005004   0x00000007   PAD
    0x20000428        -       0x00000020   Zero   RW         2337    .bss                stm32f1xx_hal_flash.o
    0x20000448        -       0x00000400   Zero   RW            1    STACK               startup_stm32f103xb.o


==============================================================================

Image component sizes


      Code (inc. data)   RO Data    RW Data    ZI Data      Debug   Object Name

       752        108          0         32        240       5114   arm_auto.o
       194          0          0          0          0       2171   arm_driver.o
      1164        136          0         44          0       7040   car_auto.o
       276         28          0          0         32       2383   car_driver.o
       312         14          0          8          0       3347   car_remote.o
       100          0          0          0          0       2834   flash.o
       242         10          0          0          0       3551   hcsr04.o
       190         40          0          0          0       1095   ir_sensor.o
       272         14         16         64          0     442932   keypad.o
       414          6          0          0          0       7805   liquidcrystal_i2c.o
      2874        420          0         32        545      10623   main.o
       110          0          0          0          0       2017   motor.o
        44          0          0          0          0        815   pwm.o
       118          0          0          0          0       2494   servo.o
        36          8        236          0       1024        788   startup_stm32f103xb.o
       164         28          0         12          0       5773   stm32f1xx_hal.o
       198         14          0          0          0      28839   stm32f1xx_hal_cortex.o
       222          4          0          0          0       1723   stm32f1xx_hal_dma.o
       392         46          0          0         32       4598   stm32f1xx_hal_flash.o
       240         26          0          0          0       3181   stm32f1xx_hal_flash_ex.o
       540         40          0          0          0       4631   stm32f1xx_hal_gpio.o
      1300         32          0          0          0       8769   stm32f1xx_hal_i2c.o
       596         84          0          0          0       3748   stm32f1xx_hal_msp.o
      1272        100          0          0          0       5092   stm32f1xx_hal_rcc.o
      1432         60          0          0          0      13097   stm32f1xx_hal_tim.o
       188         12          0          0          0       2064   stm32f1xx_hal_tim_ex.o
      1432         10          0          0          0      10300   stm32f1xx_hal_uart.o
        40          6          0          0          0       4565   stm32f1xx_it.o
         2          0         24          4          0       1071   system_stm32f1xx.o
       252         28          0          2         30       3008   uart.o

    ----------------------------------------------------------------------
     15402       1274        308        200       1912     595468   Object Totals
         0          0         32          0          0          0   (incl. Generated)
        34          0          0          2          9          0   (incl. Padding)

    ----------------------------------------------------------------------

      Code (inc. data)   RO Data    RW Data    ZI Data      Debug   Library Member Name

        28          0          0          0          0         68   _chval.o
       158          0          0          0          0         92   _strtoul.o
        26          0          0          0          0         80   atoi.o
         8          4        133          0          0         68   ctype_o.o
         0          0          0          0          0          0   entry.o
         0          0          0          0          0          0   entry10a.o
         0          0          0          0          0          0   entry11a.o
         8          4          0          0          0          0   entry2.o
         4          0          0          0          0          0   entry5.o
         0          0          0          0          0          0   entry7b.o
         0          0          0          0          0          0   entry8b.o
         8          4          0          0          0          0   entry9a.o
         8          4          0          4          0         68   errno.o
        30          0          0          0          0          0   handlers.o
        36          8          0          0          0         68   init.o
         0          0          0          0          0          0   iusefp.o
        30          0          0          0          0         68   llshl.o
        36          0          0          0          0         68   llsshr.o
        32          0          0          0          0         68   llushr.o
        36          0          0          0          0        108   memseta.o
      2272         86          0          0          0        516   printfa.o
        14          0          0          0          0         68   strlen.o
        30          0          0          0          0         80   strncmp.o
        68          6          0          4          0         80   strtok.o
       112          0          0          0          0         88   strtol.o
        44          0          0          0          0         80   uidiv.o
        98          0          0          0          0         92   uldiv.o
        48          0          0          0          0         68   cdrcmple.o
        20          0          0          0          0         68   cfcmple.o
        20          0          0          0          0         68   cfrcmple.o
        56          0          0          0          0         88   d2f.o
       334          0          0          0          0        148   dadd.o
       222          0          0          0          0        100   ddiv.o
       186          0          0          0          0        176   depilogue.o
        48          0          0          0          0         68   dfixul.o
        26          0          0          0          0         76   dfltui.o
       228          0          0          0          0         96   dmul.o
        38          0          0          0          0         68   f2d.o
       110          0          0          0          0        168   fepilogue.o

    ----------------------------------------------------------------------
      4430        116        136          8          0       2952   Library Totals
         8          0          3          0          0          0   (incl. Padding)

    ----------------------------------------------------------------------

      Code (inc. data)   RO Data    RW Data    ZI Data      Debug   Library Name

      3086        116        133          8          0       1760   mc_w.l
      1336          0          0          0          0       1192   mf_w.l

    ----------------------------------------------------------------------
      4430        116        136          8          0       2952   Library Totals

    ----------------------------------------------------------------------

==============================================================================


      Code (inc. data)   RO Data    RW Data    ZI Data      Debug   

     19832       1390        444        208       1912     588692   Grand Totals
     19832       1390        444        208       1912     588692   ELF Image Totals
     19832       1390        444        208          0          0   ROM Totals

==============================================================================

    Total RO  Size (Code + RO Data)                20276 (  19.80kB)
    Total RW  Size (RW Data + ZI Data)              2120 (   2.07kB)
    Total ROM Size (Code + RO Data + RW Data)      20484 (  20.00kB)

==============================================================================

